Archive member included to satisfy reference by file (symbol)

/home/lucas/.pico-sdk/toolchain/14_2_Rel1/bin/../lib/gcc/arm-none-eabi/14.2.1/thumb/v6-m/nofp/libgcc.a(_dvmd_tls.o)
                              pico-devices/examples/bme280/minimum/CMakeFiles/minimum.dir/home/lucas/.pico-sdk/sdk/2.2.0/src/rp2_common/pico_divider/divider_hardware.S.o (__aeabi_idiv0)
/home/lucas/.pico-sdk/toolchain/14_2_Rel1/bin/../lib/gcc/arm-none-eabi/14.2.1/../../../../arm-none-eabi/lib/thumb/v6-m/nofp/libg.a(libc_a-calloc.o)
                              pico-devices/examples/bme280/minimum/CMakeFiles/minimum.dir/home/lucas/.pico-sdk/sdk/2.2.0/src/rp2_common/pico_malloc/malloc.c.o (calloc)
/home/lucas/.pico-sdk/toolchain/14_2_Rel1/bin/../lib/gcc/arm-none-eabi/14.2.1/../../../../arm-none-eabi/lib/thumb/v6-m/nofp/libg.a(libc_a-callocr.o)
                              /home/lucas/.pico-sdk/toolchain/14_2_Rel1/bin/../lib/gcc/arm-none-eabi/14.2.1/../../../../arm-none-eabi/lib/thumb/v6-m/nofp/libg.a(libc_a-calloc.o) (_calloc_r)
/home/lucas/.pico-sdk/toolchain/14_2_Rel1/bin/../lib/gcc/arm-none-eabi/14.2.1/../../../../arm-none-eabi/lib/thumb/v6-m/nofp/libg.a(libc_a-malloc.o)
                              pico-devices/examples/bme280/minimum/CMakeFiles/minimum.dir/home/lucas/.pico-sdk/sdk/2.2.0/src/rp2_common/pico_malloc/malloc.c.o (malloc)
/home/lucas/.pico-sdk/toolchain/14_2_Rel1/bin/../lib/gcc/arm-none-eabi/14.2.1/../../../../arm-none-eabi/lib/thumb/v6-m/nofp/libg.a(libc_a-mallocr.o)
                              /home/lucas/.pico-sdk/toolchain/14_2_Rel1/bin/../lib/gcc/arm-none-eabi/14.2.1/../../../../arm-none-eabi/lib/thumb/v6-m/nofp/libg.a(libc_a-callocr.o) (_malloc_r)
/home/lucas/.pico-sdk/toolchain/14_2_Rel1/bin/../lib/gcc/arm-none-eabi/14.2.1/../../../../arm-none-eabi/lib/thumb/v6-m/nofp/libg.a(libc_a-mlock.o)
                              /home/lucas/.pico-sdk/toolchain/14_2_Rel1/bin/../lib/gcc/arm-none-eabi/14.2.1/../../../../arm-none-eabi/lib/thumb/v6-m/nofp/libg.a(libc_a-mallocr.o) (__malloc_lock)
/home/lucas/.pico-sdk/toolchain/14_2_Rel1/bin/../lib/gcc/arm-none-eabi/14.2.1/../../../../arm-none-eabi/lib/thumb/v6-m/nofp/libg.a(libc_a-realloc.o)
                              pico-devices/examples/bme280/minimum/CMakeFiles/minimum.dir/home/lucas/.pico-sdk/sdk/2.2.0/src/rp2_common/pico_malloc/malloc.c.o (realloc)
/home/lucas/.pico-sdk/toolchain/14_2_Rel1/bin/../lib/gcc/arm-none-eabi/14.2.1/../../../../arm-none-eabi/lib/thumb/v6-m/nofp/libg.a(libc_a-reallocr.o)
                              /home/lucas/.pico-sdk/toolchain/14_2_Rel1/bin/../lib/gcc/arm-none-eabi/14.2.1/../../../../arm-none-eabi/lib/thumb/v6-m/nofp/libg.a(libc_a-realloc.o) (_realloc_r)
/home/lucas/.pico-sdk/toolchain/14_2_Rel1/bin/../lib/gcc/arm-none-eabi/14.2.1/../../../../arm-none-eabi/lib/thumb/v6-m/nofp/libg.a(libc_a-memcmp.o)
                              pico-devices/examples/bme280/minimum/CMakeFiles/minimum.dir/home/lucas/.pico-sdk/sdk/2.2.0/src/rp2_common/pico_atomic/atomic.c.o (memcmp)
/home/lucas/.pico-sdk/toolchain/14_2_Rel1/bin/../lib/gcc/arm-none-eabi/14.2.1/../../../../arm-none-eabi/lib/thumb/v6-m/nofp/libg.a(libc_a-memmove.o)
                              /home/lucas/.pico-sdk/toolchain/14_2_Rel1/bin/../lib/gcc/arm-none-eabi/14.2.1/../../../../arm-none-eabi/lib/thumb/v6-m/nofp/libg.a(libc_a-reallocr.o) (memmove)
/home/lucas/.pico-sdk/toolchain/14_2_Rel1/bin/../lib/gcc/arm-none-eabi/14.2.1/../../../../arm-none-eabi/lib/thumb/v6-m/nofp/libg.a(libc_a-lcltime_r.o)
                              pico-devices/examples/bme280/minimum/CMakeFiles/minimum.dir/home/lucas/.pico-sdk/sdk/2.2.0/src/common/pico_util/datetime.c.o (localtime_r)
/home/lucas/.pico-sdk/toolchain/14_2_Rel1/bin/../lib/gcc/arm-none-eabi/14.2.1/../../../../arm-none-eabi/lib/thumb/v6-m/nofp/libg.a(libc_a-mktime.o)
                              pico-devices/examples/bme280/minimum/CMakeFiles/minimum.dir/home/lucas/.pico-sdk/sdk/2.2.0/src/common/pico_util/datetime.c.o (mktime)
/home/lucas/.pico-sdk/toolchain/14_2_Rel1/bin/../lib/gcc/arm-none-eabi/14.2.1/../../../../arm-none-eabi/lib/thumb/v6-m/nofp/libg.a(libc_a-month_lengths.o)
                              /home/lucas/.pico-sdk/toolchain/14_2_Rel1/bin/../lib/gcc/arm-none-eabi/14.2.1/../../../../arm-none-eabi/lib/thumb/v6-m/nofp/libg.a(libc_a-lcltime_r.o) (__month_lengths)
/home/lucas/.pico-sdk/toolchain/14_2_Rel1/bin/../lib/gcc/arm-none-eabi/14.2.1/../../../../arm-none-eabi/lib/thumb/v6-m/nofp/libg.a(libc_a-tzcalc_limits.o)
                              /home/lucas/.pico-sdk/toolchain/14_2_Rel1/bin/../lib/gcc/arm-none-eabi/14.2.1/../../../../arm-none-eabi/lib/thumb/v6-m/nofp/libg.a(libc_a-lcltime_r.o) (__tzcalc_limits)
/home/lucas/.pico-sdk/toolchain/14_2_Rel1/bin/../lib/gcc/arm-none-eabi/14.2.1/../../../../arm-none-eabi/lib/thumb/v6-m/nofp/libg.a(libc_a-tzlock.o)
[...]
Memory Configuration

Name             Origin             Length             Attributes
FLASH            0x10000000         0x00200000         xr
RAM              0x20000000         0x00040000         xrw
SCRATCH_X        0x20040000         0x00001000         xrw
SCRATCH_Y        0x20041000         0x00001000         xrw
*default*        0x00000000         0xffffffff

Linker script and memory map

LOAD /home/lucas/.pico-sdk/toolchain/14_2_Rel1/bin/../lib/gcc/arm-none-eabi/14.2.1/thumb/v6-m/nofp/crti.o
LOAD /home/lucas/.pico-sdk/toolchain/14_2_Rel1/bin/../lib/gcc/arm-none-eabi/14.2.1/thumb/v6-m/nofp/crtbegin.o
LOAD /home/lucas/.pico-sdk/toolchain/14_2_Rel1/bin/../lib/gcc/arm-none-eabi/14.2.1/../../../../arm-none-eabi/lib/thumb/v6-m/nofp/crt0.o

.flash_begin    0x10000000        0x0
                0x10000000                        __flash_binary_start = .

.boot2          0x10000000      0x100
                0x10000000                        __boot2_start__ = .
 *(.boot2)
 .boot2         0x10000000      0x100 pico-sdk/src/rp2040/boot_stage2/CMakeFiles/bs2_default_library.dir/./bs2_default_padded_checksummed.S.o
                0x10000100                        __boot2_end__ = .
                0x00000001                        ASSERT (((__boot2_end__ - __boot2_start__) == 0x100), ERROR: Pico second stage bootloader must be 256 bytes in size)

.text           0x10000100     0x44e0
                0x10000100                        __logical_binary_start = .
 *(.vectors)
 .vectors       0x10000100       0xd4 pico-devices/examples/bme280/minimum/CMakeFiles/minimum.dir/home/lucas/.pico-sdk/sdk/2.2.0/src/rp2_common/pico_crt0/crt0.S.o
                0x10000100                __vectors
                0x10000100                __VECTOR_TABLE
                0x100001c0                isr_irq30
                0x100001c0                __unhandled_user_irq
                0x100001c0                isr_irq13
                0x100001c0                isr_irq27
                0x100001c0                isr_irq31
                0x100001c0                isr_irq5
                0x100001c0                isr_irq11
                0x100001c0                isr_irq23
                0x100001c0                isr_irq18
                0x100001c0                isr_irq28
                0x100001c0                isr_irq19
                0x100001c0                isr_irq0
                0x100001c0                isr_irq6
                0x100001c0                isr_irq22
                0x100001c0                isr_irq17
                0x100001c0                isr_irq14
                0x100001c0                __vectors_end
                0x100001c0                __default_isrs_start
                0x100001c0                isr_irq2
                0x100001c0                isr_irq10
                0x100001c0                isr_irq8
                0x100001c0                isr_irq24
                0x100001c0                isr_irq1
                0x100001c0                isr_irq7
                0x100001c0                isr_irq21
                0x100001c0                isr_irq20
                0x100001c0                isr_irq15
                0x100001c0                isr_irq25
                0x100001c0                isr_irq4
                0x100001c0                isr_irq16
                0x100001c0                isr_irq29
                0x100001c0                isr_irq26
                0x100001c0                isr_irq3
                0x100001c0                isr_irq12
                0x100001c0                isr_irq9
                0x100001c6                unhandled_user_irq_num_in_r0
                0x100001c8                isr_invalid
                0x100001ca                isr_nmi
                0x100001cc                isr_hardfault
                0x100001ce                isr_svcall
                0x100001d0                isr_pendsv
                0x100001d2                isr_systick
                0x100001d4                __default_isrs_end
 *(.binary_info_header)
 .binary_info_header
                0x100001d4       0x14 pico-devices/examples/bme280/minimum/CMakeFiles/minimum.dir/home/lucas/.pico-sdk/sdk/2.2.0/src/rp2_common/pico_crt0/crt0.S.o
                0x100001e8                        __binary_info_header_end = .
 *(.embedded_block)
                0x100001e8                        __embedded_block_end = .
 *(.reset)
 .reset         0x100001e8       0x9c pico-devices/examples/bme280/minimum/CMakeFiles/minimum.dir/home/lucas/.pico-sdk/sdk/2.2.0/src/rp2_common/pico_crt0/crt0.S.o
                0x100001e8                _entry_point
 *(.init)
 .init          0x10000284        0x4 /home/lucas/.pico-sdk/toolchain/14_2_Rel1/bin/../lib/gcc/arm-none-eabi/14.2.1/thumb/v6-m/nofp/crti.o
                0x10000284                _init
 *(EXCLUDE_FILE(*libm.a: *libc.a:*lib_a-mem*.o *libgcc.a:) .text*)
 .text.register_tm_clones
                0x10000288       0x28 /home/lucas/.pico-sdk/toolchain/14_2_Rel1/bin/../lib/gcc/arm-none-eabi/14.2.1/thumb/v6-m/nofp/crtbegin.o
 .text.frame_dummy
                0x100002b0       0x24 /home/lucas/.pico-sdk/toolchain/14_2_Rel1/bin/../lib/gcc/arm-none-eabi/14.2.1/thumb/v6-m/nofp/crtbegin.o
 .text.main     0x100002d4       0xac pico-devices/examples/bme280/minimum/CMakeFiles/minimum.dir/main.c.o
                0x100002d4                main
 .text.gpio_set_function
                0x10000380       0x34 pico-devices/examples/bme280/minimum/CMakeFiles/minimum.dir/home/lucas/.pico-sdk/sdk/2.2.0/src/rp2_common/hardware_gpio/gpio.c.o
                0x10000380                gpio_set_function
 .text.gpio_set_pulls
                0x100003b4       0x38 pico-devices/examples/bme280/minimum/CMakeFiles/minimum.dir/home/lucas/.pico-sdk/sdk/2.2.0/src/rp2_common/hardware_gpio/gpio.c.o
                0x100003b4                gpio_set_pulls
 .text.panic    0x100003ec       0x30 pico-devices/examples/bme280/minimum/CMakeFiles/minimum.dir/home/lucas/.pico-sdk/sdk/2.2.0/src/rp2_common/pico_platform_panic/panic.c.o
                0x100003ec                panic
 .text.hw_claim_lock
                0x1000041c       0x18 pico-devices/examples/bme280/minimum/CMakeFiles/minimum.dir/home/lucas/.pico-sdk/sdk/2.2.0/src/common/hardware_claim/claim.c.o
                0x1000041c                hw_claim_lock
 .text.hw_claim_unlock
                0x10000434       0x14 pico-devices/examples/bme280/minimum/CMakeFiles/minimum.dir/home/lucas/.pico-sdk/sdk/2.2.0/src/common/hardware_claim/claim.c.o
                0x10000434                hw_claim_unlock
 .text.hw_claim_or_assert
                0x10000448       0x32 pico-devices/examples/bme280/minimum/CMakeFiles/minimum.dir/home/lucas/.pico-sdk/sdk/2.2.0/src/common/hardware_claim/claim.c.o
                0x10000448                hw_claim_or_assert
 *fill*         0x1000047a        0x2 
 .text.next_striped_spin_lock_num
                0x1000047c       0x1c pico-devices/examples/bme280/minimum/CMakeFiles/minimum.dir/home/lucas/.pico-sdk/sdk/2.2.0/src/rp2_common/hardware_sync/sync.c.o
                0x1000047c                next_striped_spin_lock_num
 .text.spin_locks_reset
                0x10000498       0x20 pico-devices/examples/bme280/minimum/CMakeFiles/minimum.dir/home/lucas/.pico-sdk/sdk/2.2.0/src/rp2_common/hardware_sync_spin_lock/sync_spin_lock.c.o
                0x10000498                spin_locks_reset
 .text.set_raw_irq_handler_and_unlock
                0x100004b8       0x28 pico-devices/examples/bme280/minimum/CMakeFiles/minimum.dir/home/lucas/.pico-sdk/sdk/2.2.0/src/rp2_common/hardware_irq/irq.c.o
 .text.nvic_ipr0
                0x100004e0        0x8 pico-devices/examples/bme280/minimum/CMakeFiles/minimum.dir/home/lucas/.pico-sdk/sdk/2.2.0/src/rp2_common/hardware_irq/irq.c.o
 .text.runtime_init_per_core_irq_priorities
                0x100004e8       0x1c pico-devices/examples/bme280/minimum/CMakeFiles/minimum.dir/home/lucas/.pico-sdk/sdk/2.2.0/src/rp2_common/hardware_irq/irq.c.o
                0x100004e8                runtime_init_per_core_irq_priorities
 .text.resolve_j_16
                0x10000504       0x30 pico-devices/examples/bme280/minimum/CMakeFiles/minimum.dir/home/lucas/.pico-sdk/sdk/2.2.0/src/rp2_common/hardware_irq/irq.c.o
 .text.make_j_16
                0x10000534       0x48 pico-devices/examples/bme280/minimum/CMakeFiles/minimum.dir/home/lucas/.pico-sdk/sdk/2.2.0/src/rp2_common/hardware_irq/irq.c.o
 .text.insert_bl_32
                0x1000057c       0x40 pico-devices/examples/bme280/minimum/CMakeFiles/minimum.dir/home/lucas/.pico-sdk/sdk/2.2.0/src/rp2_common/hardware_irq/irq.c.o
 .text.irq_is_enabled
                0x100005bc       0x18 pico-devices/examples/bme280/minimum/CMakeFiles/minimum.dir/home/lucas/.pico-sdk/sdk/2.2.0/src/rp2_common/hardware_irq/irq.c.o
                0x100005bc                irq_is_enabled
 .text.irq_set_mask_n_enabled
                0x100005d4       0x1c pico-devices/examples/bme280/minimum/CMakeFiles/minimum.dir/home/lucas/.pico-sdk/sdk/2.2.0/src/rp2_common/hardware_irq/irq.c.o
                0x100005d4                irq_set_mask_n_enabled
 .text.irq_set_enabled
                0x100005f0       0x14 pico-devices/examples/bme280/minimum/CMakeFiles/minimum.dir/home/lucas/.pico-sdk/sdk/2.2.0/src/rp2_common/hardware_irq/irq.c.o
                0x100005f0                irq_set_enabled
 .text.irq_get_vtable_handler
                0x10000604       0x10 pico-devices/examples/bme280/minimum/CMakeFiles/minimum.dir/home/lucas/.pico-sdk/sdk/2.2.0/src/rp2_common/hardware_irq/irq.c.o
                0x10000604                irq_get_vtable_handler
 .text.irq_set_exclusive_handler
                0x10000614       0x54 pico-devices/examples/bme280/minimum/CMakeFiles/minimum.dir/home/lucas/.pico-sdk/sdk/2.2.0/src/rp2_common/hardware_irq/irq.c.o
                0x10000614                irq_set_exclusive_handler
 .text.irq_remove_handler
                0x10000668      0x18c pico-devices/examples/bme280/minimum/CMakeFiles/minimum.dir/home/lucas/.pico-sdk/sdk/2.2.0/src/rp2_common/hardware_irq/irq.c.o
                0x10000668                irq_remove_handler
 .text.irq_add_tail_to_free_list
                0x100007f4       0xf4 pico-devices/examples/bme280/minimum/CMakeFiles/minimum.dir/home/lucas/.pico-sdk/sdk/2.2.0/src/rp2_common/hardware_irq/irq.c.o
                0x100007f4                irq_add_tail_to_free_list
 .text.lock_init
                0x100008e8       0x10 pico-devices/examples/bme280/minimum/CMakeFiles/minimum.dir/home/lucas/.pico-sdk/sdk/2.2.0/src/common/pico_sync/lock_core.c.o
                0x100008e8                lock_init
 .text.mutex_init
                0x100008f8       0x1a pico-devices/examples/bme280/minimum/CMakeFiles/minimum.dir/home/lucas/.pico-sdk/sdk/2.2.0/src/common/pico_sync/mutex.c.o
                0x100008f8                mutex_init
 .text.recursive_mutex_init
                0x10000912       0x1e pico-devices/examples/bme280/minimum/CMakeFiles/minimum.dir/home/lucas/.pico-sdk/sdk/2.2.0/src/common/pico_sync/mutex.c.o
                0x10000912                recursive_mutex_init
 .text.runtime_init_mutex
                0x10000930       0x4c pico-devices/examples/bme280/minimum/CMakeFiles/minimum.dir/home/lucas/.pico-sdk/sdk/2.2.0/src/common/pico_sync/mutex.c.o
                0x10000930                runtime_init_mutex
 .text.ta_set_timeout
                0x1000097c       0x24 pico-devices/examples/bme280/minimum/CMakeFiles/minimum.dir/home/lucas/.pico-sdk/sdk/2.2.0/src/common/pico_time/time.c.o
 .text.make_alarm_id
                0x100009a0        0x6 pico-devices/examples/bme280/minimum/CMakeFiles/minimum.dir/home/lucas/.pico-sdk/sdk/2.2.0/src/common/pico_time/time.c.o
 *fill*         0x100009a6        0x2 
 .text.sleep_until_callback
                0x100009a8       0x30 pico-devices/examples/bme280/minimum/CMakeFiles/minimum.dir/home/lucas/.pico-sdk/sdk/2.2.0/src/common/pico_time/time.c.o
 .text.alarm_pool_irq_handler
                0x100009d8      0x2f0 pico-devices/examples/bme280/minimum/CMakeFiles/minimum.dir/home/lucas/.pico-sdk/sdk/2.2.0/src/common/pico_time/time.c.o
 .text.ta_enable_irq_handler
                0x10000cc8       0x2c pico-devices/examples/bme280/minimum/CMakeFiles/minimum.dir/home/lucas/.pico-sdk/sdk/2.2.0/src/common/pico_time/time.c.o
 .text.alarm_pool_post_alloc_init
                0x10000cf4       0x78 pico-devices/examples/bme280/minimum/CMakeFiles/minimum.dir/home/lucas/.pico-sdk/sdk/2.2.0/src/common/pico_time/time.c.o
 .text.alarm_pool_get_default
                0x10000d6c       0x2c pico-devices/examples/bme280/minimum/CMakeFiles/minimum.dir/home/lucas/.pico-sdk/sdk/2.2.0/src/common/pico_time/time.c.o
                0x10000d6c                alarm_pool_get_default
 .text.alarm_pool_add_alarm_at_force_in_context
                0x10000d98       0xa4 pico-devices/examples/bme280/minimum/CMakeFiles/minimum.dir/home/lucas/.pico-sdk/sdk/2.2.0/src/common/pico_time/time.c.o
                0x10000d98                alarm_pool_add_alarm_at_force_in_context
 .text.alarm_pool_add_alarm_at
                0x10000e3c       0x3c pico-devices/examples/bme280/minimum/CMakeFiles/minimum.dir/home/lucas/.pico-sdk/sdk/2.2.0/src/common/pico_time/time.c.o
                0x10000e3c                alarm_pool_add_alarm_at
 .text.add_alarm_at
                0x10000e78       0x2e pico-devices/examples/bme280/minimum/CMakeFiles/minimum.dir/home/lucas/.pico-sdk/sdk/2.2.0/src/common/pico_time/time.c.o
 *fill*         0x10000ea6        0x2 
 .text.alarm_pool_cancel_alarm
                0x10000ea8       0x78 pico-devices/examples/bme280/minimum/CMakeFiles/minimum.dir/home/lucas/.pico-sdk/sdk/2.2.0/src/common/pico_time/time.c.o
                0x10000ea8                alarm_pool_cancel_alarm
 .text.cancel_alarm
                0x10000f20       0x10 pico-devices/examples/bme280/minimum/CMakeFiles/minimum.dir/home/lucas/.pico-sdk/sdk/2.2.0/src/common/pico_time/time.c.o
 .text.sleep_until
                0x10000f30       0xb0 pico-devices/examples/bme280/minimum/CMakeFiles/minimum.dir/home/lucas/.pico-sdk/sdk/2.2.0/src/common/pico_time/time.c.o
                0x10000f30                sleep_until
 .text.sleep_us
                0x10000fe0       0x24 pico-devices/examples/bme280/minimum/CMakeFiles/minimum.dir/home/lucas/.pico-sdk/sdk/2.2.0/src/common/pico_time/time.c.o
                0x10000fe0                sleep_us
 .text.sleep_ms
                0x10001004       0x14 pico-devices/examples/bme280/minimum/CMakeFiles/minimum.dir/home/lucas/.pico-sdk/sdk/2.2.0/src/common/pico_time/time.c.o
                0x10001004                sleep_ms
 .text.best_effort_wfe_or_timeout
                0x10001018      0x11c pico-devices/examples/bme280/minimum/CMakeFiles/minimum.dir/home/lucas/.pico-sdk/sdk/2.2.0/src/common/pico_time/time.c.o
                0x10001018                best_effort_wfe_or_timeout
 .text.alarm_pool_get_default_timer
                0x10001134        0x8 pico-devices/examples/bme280/minimum/CMakeFiles/minimum.dir/home/lucas/.pico-sdk/sdk/2.2.0/src/common/pico_time/time.c.o
                0x10001134                alarm_pool_get_default_timer
 .text.runtime_init_default_alarm_pool
                0x1000113c       0x38 pico-devices/examples/bme280/minimum/CMakeFiles/minimum.dir/home/lucas/.pico-sdk/sdk/2.2.0/src/common/pico_time/time.c.o
                0x1000113c                runtime_init_default_alarm_pool
 .text.timer_hardware_alarm_claim
                0x10001174       0x14 pico-devices/examples/bme280/minimum/CMakeFiles/minimum.dir/home/lucas/.pico-sdk/sdk/2.2.0/src/rp2_common/hardware_timer/timer.c.o
                0x10001174                timer_hardware_alarm_claim
 .text.timer_time_us_64
                0x10001188       0x10 pico-devices/examples/bme280/minimum/CMakeFiles/minimum.dir/home/lucas/.pico-sdk/sdk/2.2.0/src/rp2_common/hardware_timer/timer.c.o
                0x10001188                timer_time_us_64
 .text.timer_busy_wait_until
                0x10001198       0x1a pico-devices/examples/bme280/minimum/CMakeFiles/minimum.dir/home/lucas/.pico-sdk/sdk/2.2.0/src/rp2_common/hardware_timer/timer.c.o
                0x10001198                timer_busy_wait_until
 .text.timer_busy_wait_us
                0x100011b2       0x38 pico-devices/examples/bme280/minimum/CMakeFiles/minimum.dir/home/lucas/.pico-sdk/sdk/2.2.0/src/rp2_common/hardware_timer/timer.c.o
                0x100011b2                timer_busy_wait_us
 *fill*         0x100011ea        0x2 
 .text.time_us_64
                0x100011ec       0x10 pico-devices/examples/bme280/minimum/CMakeFiles/minimum.dir/home/lucas/.pico-sdk/sdk/2.2.0/src/rp2_common/hardware_timer/timer.c.o
                0x100011ec                time_us_64
 .text.busy_wait_us
                0x100011fc       0x14 pico-devices/examples/bme280/minimum/CMakeFiles/minimum.dir/home/lucas/.pico-sdk/sdk/2.2.0/src/rp2_common/hardware_timer/timer.c.o
                0x100011fc                busy_wait_us
 .text.busy_wait_until
                0x10001210       0x14 pico-devices/examples/bme280/minimum/CMakeFiles/minimum.dir/home/lucas/.pico-sdk/sdk/2.2.0/src/rp2_common/hardware_timer/timer.c.o
                0x10001210                busy_wait_until
 .text.uart_unreset
                0x10001224       0x2c pico-devices/examples/bme280/minimum/CMakeFiles/minimum.dir/home/lucas/.pico-sdk/sdk/2.2.0/src/rp2_common/hardware_uart/uart.c.o
 .text.uart_disable_before_lcr_write
                0x10001250       0x48 pico-devices/examples/bme280/minimum/CMakeFiles/minimum.dir/home/lucas/.pico-sdk/sdk/2.2.0/src/rp2_common/hardware_uart/uart.c.o
 .text.uart_write_lcr_bits_masked
                0x10001298       0x20 pico-devices/examples/bme280/minimum/CMakeFiles/minimum.dir/home/lucas/.pico-sdk/sdk/2.2.0/src/rp2_common/hardware_uart/uart.c.o
 .text.uart_set_baudrate
                0x100012b8       0x5c pico-devices/examples/bme280/minimum/CMakeFiles/minimum.dir/home/lucas/.pico-sdk/sdk/2.2.0/src/rp2_common/hardware_uart/uart.c.o
                0x100012b8                uart_set_baudrate
 .text.uart_set_translate_crlf
                0x10001314       0x28 pico-devices/examples/bme280/minimum/CMakeFiles/minimum.dir/home/lucas/.pico-sdk/sdk/2.2.0/src/rp2_common/hardware_uart/uart.c.o
                0x10001314                uart_set_translate_crlf
 .text.uart_init
                0x1000133c       0x64 pico-devices/examples/bme280/minimum/CMakeFiles/minimum.dir/home/lucas/.pico-sdk/sdk/2.2.0/src/rp2_common/hardware_uart/uart.c.o
                0x1000133c                uart_init
 .text.clock_configure_internal
                0x100013a0       0xc4 pico-devices/examples/bme280/minimum/CMakeFiles/minimum.dir/home/lucas/.pico-sdk/sdk/2.2.0/src/rp2_common/hardware_clocks/clocks.c.o
 .text.clock_configure_int_divider
                0x10001464       0x28 pico-devices/examples/bme280/minimum/CMakeFiles/minimum.dir/home/lucas/.pico-sdk/sdk/2.2.0/src/rp2_common/hardware_clocks/clocks.c.o
                0x10001464                clock_configure_int_divider
 .text.clock_configure_undivided
                0x1000148c       0x12 pico-devices/examples/bme280/minimum/CMakeFiles/minimum.dir/home/lucas/.pico-sdk/sdk/2.2.0/src/rp2_common/hardware_clocks/clocks.c.o
                0x1000148c                clock_configure_undivided
 *fill*         0x1000149e        0x2 
 .text.clock_get_hz
                0x100014a0        0xc pico-devices/examples/bme280/minimum/CMakeFiles/minimum.dir/home/lucas/.pico-sdk/sdk/2.2.0/src/rp2_common/hardware_clocks/clocks.c.o
                0x100014a0                clock_get_hz
 .text.pll_init
                0x100014ac      0x124 pico-devices/examples/bme280/minimum/CMakeFiles/minimum.dir/home/lucas/.pico-sdk/sdk/2.2.0/src/rp2_common/hardware_pll/pll.c.o
                0x100014ac                pll_init
 .text.tick_start
                0x100015d0       0x10 pico-devices/examples/bme280/minimum/CMakeFiles/minimum.dir/home/lucas/.pico-sdk/sdk/2.2.0/src/rp2_common/hardware_ticks/ticks.c.o
                0x100015d0                tick_start
 .text.rom_func_lookup
                0x100015e0       0x10 pico-devices/examples/bme280/minimum/CMakeFiles/minimum.dir/home/lucas/.pico-sdk/sdk/2.2.0/src/rp2_common/pico_bootrom/bootrom.c.o
                0x100015e0                rom_func_lookup
 .text.rom_data_lookup
                0x100015f0       0x10 pico-devices/examples/bme280/minimum/CMakeFiles/minimum.dir/home/lucas/.pico-sdk/sdk/2.2.0/src/rp2_common/pico_bootrom/bootrom.c.o
                0x100015f0                rom_data_lookup
 .text.rom_funcs_lookup
                0x10001600       0x36 pico-devices/examples/bme280/minimum/CMakeFiles/minimum.dir/home/lucas/.pico-sdk/sdk/2.2.0/src/rp2_common/pico_bootrom/bootrom.c.o
                0x10001600                rom_funcs_lookup
 *fill*         0x10001636        0x2 
 .text.xosc_init
                0x10001638       0x2c pico-devices/examples/bme280/minimum/CMakeFiles/minimum.dir/home/lucas/.pico-sdk/sdk/2.2.0/src/rp2_common/hardware_xosc/xosc.c.o
                0x10001638                xosc_init
 .text.runtime_run_initializers_from
                0x10001664       0x18 pico-devices/examples/bme280/minimum/CMakeFiles/minimum.dir/home/lucas/.pico-sdk/sdk/2.2.0/src/rp2_common/pico_runtime/runtime.c.o
 .text.first_per_core_initializer
                0x1000167c        0x2 pico-devices/examples/bme280/minimum/CMakeFiles/minimum.dir/home/lucas/.pico-sdk/sdk/2.2.0/src/rp2_common/pico_runtime/runtime.c.o
 *fill*         0x1000167e        0x2 
 .text.runtime_run_initializers
                0x10001680       0x10 pico-devices/examples/bme280/minimum/CMakeFiles/minimum.dir/home/lucas/.pico-sdk/sdk/2.2.0/src/rp2_common/pico_runtime/runtime.c.o
                0x10001680                runtime_run_initializers
 .text.runtime_init_early_resets
                0x10001690       0x2c pico-devices/examples/bme280/minimum/CMakeFiles/minimum.dir/home/lucas/.pico-sdk/sdk/2.2.0/src/rp2_common/pico_runtime_init/runtime_init.c.o
                0x10001690                runtime_init_early_resets
 .text.runtime_init_usb_power_down
                0x100016bc       0x1c pico-devices/examples/bme280/minimum/CMakeFiles/minimum.dir/home/lucas/.pico-sdk/sdk/2.2.0/src/rp2_common/pico_runtime_init/runtime_init.c.o
                0x100016bc                runtime_init_usb_power_down
 .text.runtime_init_post_clock_resets
                0x100016d8       0x20 pico-devices/examples/bme280/minimum/CMakeFiles/minimum.dir/home/lucas/.pico-sdk/sdk/2.2.0/src/rp2_common/pico_runtime_init/runtime_init.c.o
                0x100016d8                runtime_init_post_clock_resets
 .text.runtime_init_rp2040_gpio_ie_disable
                0x100016f8       0x14 pico-devices/examples/bme280/minimum/CMakeFiles/minimum.dir/home/lucas/.pico-sdk/sdk/2.2.0/src/rp2_common/pico_runtime_init/runtime_init.c.o
                0x100016f8                runtime_init_rp2040_gpio_ie_disable
 .text.runtime_init_spin_locks_reset
                0x1000170c        0x8 pico-devices/examples/bme280/minimum/CMakeFiles/minimum.dir/home/lucas/.pico-sdk/sdk/2.2.0/src/rp2_common/pico_runtime_init/runtime_init.c.o
                0x1000170c                runtime_init_spin_locks_reset
 .text.runtime_init_install_ram_vector_table
                0x10001714       0x48 pico-devices/examples/bme280/minimum/CMakeFiles/minimum.dir/home/lucas/.pico-sdk/sdk/2.2.0/src/rp2_common/pico_runtime_init/runtime_init.c.o
                0x10001714                runtime_init_install_ram_vector_table
 .text.start_all_ticks
                0x1000175c       0x28 pico-devices/examples/bme280/minimum/CMakeFiles/minimum.dir/home/lucas/.pico-sdk/sdk/2.2.0/src/rp2_common/pico_runtime_init/runtime_init_clocks.c.o
 .text.runtime_init_clocks
                0x10001784       0xcc pico-devices/examples/bme280/minimum/CMakeFiles/minimum.dir/home/lucas/.pico-sdk/sdk/2.2.0/src/rp2_common/pico_runtime_init/runtime_init_clocks.c.o
                0x10001784                runtime_init_clocks
 .text          0x10001850       0x10 pico-devices/examples/bme280/minimum/CMakeFiles/minimum.dir/home/lucas/.pico-sdk/sdk/2.2.0/src/rp2_common/pico_bit_ops/bit_ops_aeabi.S.o
 .text.__wrap___aeabi_idiv
                0x10001860       0x50 pico-devices/examples/bme280/minimum/CMakeFiles/minimum.dir/home/lucas/.pico-sdk/sdk/2.2.0/src/rp2_common/pico_divider/divider_hardware.S.o
                0x10001860                __wrap___aeabi_idivmod
                0x10001860                divmod_s32s32
                0x10001860                div_s32s32
                0x10001860                __wrap___aeabi_idiv
                0x10001868                divmod_s32s32_unsafe
                0x10001894                divmod_s32s32_savestate
 .text.__wrap___aeabi_uidiv
                0x100018b0       0x4c pico-devices/examples/bme280/minimum/CMakeFiles/minimum.dir/home/lucas/.pico-sdk/sdk/2.2.0/src/rp2_common/pico_divider/divider_hardware.S.o
                0x100018b0                __wrap___aeabi_uidiv
                0x100018b0                __wrap___aeabi_uidivmod
                0x100018b0                div_u32u32
                0x100018b0                divmod_u32u32
                0x100018b8                divmod_u32u32_unsafe
                0x100018e0                divmod_u32u32_savestate
 .text.__wrap___aeabi_ldiv
                0x100018fc      0x424 pico-devices/examples/bme280/minimum/CMakeFiles/minimum.dir/home/lucas/.pico-sdk/sdk/2.2.0/src/rp2_common/pico_divider/divider_hardware.S.o
                0x100018fc                div_s64s64
                0x100018fc                divmod_s64s64
                0x100018fc                __wrap___aeabi_ldivmod
                0x1000192c                div_u64u64
                0x1000192c                divmod_u64u64
                0x1000192c                __wrap___aeabi_uldivmod
                0x1000193c                divmod_u64u64_savestate
                0x1000195c                divmod_s64s64_unsafe
                0x100019e4                divmod_u64u64_unsafe
 .text.__wrap___aeabi_darithmetic
                0x10001d20       0x60 pico-devices/examples/bme280/minimum/CMakeFiles/minimum.dir/home/lucas/.pico-sdk/sdk/2.2.0/src/rp2_common/pico_double/double_aeabi_rp2040.S.o
                0x10001d20                __wrap___aeabi_drsub
                0x10001d26                __wrap___aeabi_dsub
                0x10001d30                __wrap___aeabi_dadd
                0x10001d3a                __wrap___aeabi_ddiv
                0x10001d6e                __wrap___aeabi_dmul
 .text.__wrap___aeabi_cdcmple
                0x10001d80       0x6c pico-devices/examples/bme280/minimum/CMakeFiles/minimum.dir/home/lucas/.pico-sdk/sdk/2.2.0/src/rp2_common/pico_double/double_aeabi_rp2040.S.o
                0x10001d80                __wrap___aeabi_cdrcmple
                0x10001d90                __wrap___aeabi_cdcmple
                0x10001d90                __wrap___aeabi_cdcmpeq
 .text.__wrap___aeabi_dcmplt
                0x10001dec        0xc pico-devices/examples/bme280/minimum/CMakeFiles/minimum.dir/home/lucas/.pico-sdk/sdk/2.2.0/src/rp2_common/pico_double/double_aeabi_rp2040.S.o
                0x10001dec                __wrap___aeabi_dcmplt
 .text.__wrap___aeabi_dcmple
                0x10001df8       0x10 pico-devices/examples/bme280/minimum/CMakeFiles/minimum.dir/home/lucas/.pico-sdk/sdk/2.2.0/src/rp2_common/pico_double/double_aeabi_rp2040.S.o
                0x10001df8                __wrap___aeabi_dcmple
 .text.__wrap___aeabi_dcmpge
                0x10001e08       0x10 pico-devices/examples/bme280/minimum/CMakeFiles/minimum.dir/home/lucas/.pico-sdk/sdk/2.2.0/src/rp2_common/pico_double/double_aeabi_rp2040.S.o
                0x10001e08                __wrap___aeabi_dcmpge
 .text.__wrap___aeabi_dcmpgt
                0x10001e18        0xa pico-devices/examples/bme280/minimum/CMakeFiles/minimum.dir/home/lucas/.pico-sdk/sdk/2.2.0/src/rp2_common/pico_double/double_aeabi_rp2040.S.o
                0x10001e18                __wrap___aeabi_dcmpgt
 .text.__wrap___aeabi_dcmpun
                0x10001e22       0x18 pico-devices/examples/bme280/minimum/CMakeFiles/minimum.dir/home/lucas/.pico-sdk/sdk/2.2.0/src/rp2_common/pico_double/double_aeabi_rp2040.S.o
                0x10001e22                __wrap___aeabi_dcmpun
 *fill*         0x10001e3a        0x2 
 .text.__wrap___aeabi_i2d
                0x10001e3c       0x38 pico-devices/examples/bme280/minimum/CMakeFiles/minimum.dir/home/lucas/.pico-sdk/sdk/2.2.0/src/rp2_common/pico_double/double_aeabi_rp2040.S.o
                0x10001e3c                __wrap___aeabi_ui2d
                0x10001e3c                uint2double
                0x10001e44                __wrap___aeabi_i2d
                0x10001e44                int2double
 .text.__wrap___aeabi_d2iz
                0x10001e74       0x48 pico-devices/examples/bme280/minimum/CMakeFiles/minimum.dir/home/lucas/.pico-sdk/sdk/2.2.0/src/rp2_common/pico_double/double_aeabi_rp2040.S.o
                0x10001e74                __wrap___aeabi_d2iz
                0x10001e74                double2int_z
 .text.__wrap___aeabi_d2uiz
                0x10001ebc       0x10 pico-devices/examples/bme280/minimum/CMakeFiles/minimum.dir/home/lucas/.pico-sdk/sdk/2.2.0/src/rp2_common/pico_double/double_aeabi_rp2040.S.o
                0x10001ebc                double2uint_z
                0x10001ebc                double2uint
                0x10001ebc                __wrap___aeabi_d2uiz
 .text.missing_double_func_shim
                0x10001ecc        0xc pico-devices/examples/bme280/minimum/CMakeFiles/minimum.dir/home/lucas/.pico-sdk/sdk/2.2.0/src/rp2_common/pico_double/double_init_rom_rp2040.c.o
 .text.__aeabi_double_init
                0x10001ed8       0xd0 pico-devices/examples/bme280/minimum/CMakeFiles/minimum.dir/home/lucas/.pico-sdk/sdk/2.2.0/src/rp2_common/pico_double/double_init_rom_rp2040.c.o
                0x10001ed8                __aeabi_double_init
 .text.double_table_shim_on_use_helper
                0x10001fa8       0x34 pico-devices/examples/bme280/minimum/CMakeFiles/minimum.dir/home/lucas/.pico-sdk/sdk/2.2.0/src/rp2_common/pico_double/double_v1_rom_shim_rp2040.S.o
                0x10001fa8                double_table_shim_on_use_helper
 .text.__aeabi_lmul
                0x10001fdc       0x32 pico-devices/examples/bme280/minimum/CMakeFiles/minimum.dir/home/lucas/.pico-sdk/sdk/2.2.0/src/rp2_common/pico_int64_ops/pico_int64_ops_aeabi.S.o
                0x10001fdc                __wrap___aeabi_lmul
 *fill*         0x1000200e        0x2 
 .text.__wrap___aeabi_farithmetic
                0x10002010       0x48 pico-devices/examples/bme280/minimum/CMakeFiles/minimum.dir/home/lucas/.pico-sdk/sdk/2.2.0/src/rp2_common/pico_float/float_aeabi_rp2040.S.o
                0x10002010                __wrap___aeabi_frsub
                0x10002016                __wrap___aeabi_fsub
                0x1000201c                __wrap___aeabi_fadd
                0x10002022                __wrap___aeabi_fdiv
                0x1000204a                __wrap___aeabi_fmul
 .text.__wrap___aeabi_cfcmple
                0x10002058       0x50 pico-devices/examples/bme280/minimum/CMakeFiles/minimum.dir/home/lucas/.pico-sdk/sdk/2.2.0/src/rp2_common/pico_float/float_aeabi_rp2040.S.o
                0x10002058                __wrap___aeabi_cfrcmple
                0x10002064                __wrap___aeabi_cfcmpeq
                0x10002064                __wrap___aeabi_cfcmple
 .text.__wrap___aeabi_fcmpeq
                0x100020a8       0x10 pico-devices/examples/bme280/minimum/CMakeFiles/minimum.dir/home/lucas/.pico-sdk/sdk/2.2.0/src/rp2_common/pico_float/float_aeabi_rp2040.S.o
                0x100020a8                __wrap___aeabi_fcmpeq
 .text.__wrap___aeabi_fcmplt
                0x100020b8        0xc pico-devices/examples/bme280/minimum/CMakeFiles/minimum.dir/home/lucas/.pico-sdk/sdk/2.2.0/src/rp2_common/pico_float/float_aeabi_rp2040.S.o
                0x100020b8                __wrap___aeabi_fcmplt
 .text.__wrap___aeabi_fcmpgt
                0x100020c4        0xa pico-devices/examples/bme280/minimum/CMakeFiles/minimum.dir/home/lucas/.pico-sdk/sdk/2.2.0/src/rp2_common/pico_float/float_aeabi_rp2040.S.o
                0x100020c4                __wrap___aeabi_fcmpgt
 .text.__wrap___aeabi_ui2f
                0x100020ce        0xa pico-devices/examples/bme280/minimum/CMakeFiles/minimum.dir/home/lucas/.pico-sdk/sdk/2.2.0/src/rp2_common/pico_float/float_aeabi_rp2040.S.o
                0x100020ce                uint2float
                0x100020ce                __wrap___aeabi_ui2f
 .text.__wrap___aeabi_i2f
                0x100020d8       0x44 pico-devices/examples/bme280/minimum/CMakeFiles/minimum.dir/home/lucas/.pico-sdk/sdk/2.2.0/src/rp2_common/pico_float/float_aeabi_rp2040.S.o
                0x100020d8                int2float
                0x100020d8                __wrap___aeabi_i2f
 .text.__wrap___aeabi_f2d
                0x1000211c        0xc pico-devices/examples/bme280/minimum/CMakeFiles/minimum.dir/home/lucas/.pico-sdk/sdk/2.2.0/src/rp2_common/pico_float/float_aeabi_rp2040.S.o
                0x1000211c                __wrap___aeabi_f2d
 .text.missing_float_func_shim
                0x10002128        0xc pico-devices/examples/bme280/minimum/CMakeFiles/minimum.dir/home/lucas/.pico-sdk/sdk/2.2.0/src/rp2_common/pico_float/float_init_rom_rp2040.c.o
 .text.__aeabi_float_init
                0x10002134       0x88 pico-devices/examples/bme280/minimum/CMakeFiles/minimum.dir/home/lucas/.pico-sdk/sdk/2.2.0/src/rp2_common/pico_float/float_init_rom_rp2040.c.o
                0x10002134                __aeabi_float_init
 .text          0x100021bc       0x10 pico-devices/examples/bme280/minimum/CMakeFiles/minimum.dir/home/lucas/.pico-sdk/sdk/2.2.0/src/rp2_common/pico_mem_ops/mem_ops_aeabi.S.o
                0x100021bc                __aeabi_mem_init
 .text.memcpy   0x100021cc        0xc pico-devices/examples/bme280/minimum/CMakeFiles/minimum.dir/home/lucas/.pico-sdk/sdk/2.2.0/src/rp2_common/pico_mem_ops/mem_ops_aeabi.S.o
                0x100021cc                __wrap___aeabi_memcpy
                0x100021cc                __wrap_memcpy
 .text._out_null
                0x100021d8        0x2 pico-devices/examples/bme280/minimum/CMakeFiles/minimum.dir/home/lucas/.pico-sdk/sdk/2.2.0/src/rp2_common/pico_printf/printf.c.o
 .text._out_fct
                0x100021da        0xe pico-devices/examples/bme280/minimum/CMakeFiles/minimum.dir/home/lucas/.pico-sdk/sdk/2.2.0/src/rp2_common/pico_printf/printf.c.o
 .text._atoi    0x100021e8       0x24 pico-devices/examples/bme280/minimum/CMakeFiles/minimum.dir/home/lucas/.pico-sdk/sdk/2.2.0/src/rp2_common/pico_printf/printf.c.o
 .text._out_rev
                0x1000220c       0xb0 pico-devices/examples/bme280/minimum/CMakeFiles/minimum.dir/home/lucas/.pico-sdk/sdk/2.2.0/src/rp2_common/pico_printf/printf.c.o
 .text._ntoa_format
                0x100022bc      0x10e pico-devices/examples/bme280/minimum/CMakeFiles/minimum.dir/home/lucas/.pico-sdk/sdk/2.2.0/src/rp2_common/pico_printf/printf.c.o
 .text._ntoa_long
                0x100023ca       0xbc pico-devices/examples/bme280/minimum/CMakeFiles/minimum.dir/home/lucas/.pico-sdk/sdk/2.2.0/src/rp2_common/pico_printf/printf.c.o
 .text._ntoa_long_long
                0x10002486      0x10e pico-devices/examples/bme280/minimum/CMakeFiles/minimum.dir/home/lucas/.pico-sdk/sdk/2.2.0/src/rp2_common/pico_printf/printf.c.o
 .text._etoa    0x10002594      0x424 pico-devices/examples/bme280/minimum/CMakeFiles/minimum.dir/home/lucas/.pico-sdk/sdk/2.2.0/src/rp2_common/pico_printf/printf.c.o
 .text._ftoa    0x100029b8      0x348 pico-devices/examples/bme280/minimum/CMakeFiles/minimum.dir/home/lucas/.pico-sdk/sdk/2.2.0/src/rp2_common/pico_printf/printf.c.o
 .text._vsnprintf
                0x10002d00      0x6a4 pico-devices/examples/bme280/minimum/CMakeFiles/minimum.dir/home/lucas/.pico-sdk/sdk/2.2.0/src/rp2_common/pico_printf/printf.c.o
 .text.vfctprintf
                0x100033a4       0x24 pico-devices/examples/bme280/minimum/CMakeFiles/minimum.dir/home/lucas/.pico-sdk/sdk/2.2.0/src/rp2_common/pico_printf/printf.c.o
                0x100033a4                vfctprintf
 .text._exit    0x100033c8        0x4 pico-devices/examples/bme280/minimum/CMakeFiles/minimum.dir/home/lucas/.pico-sdk/sdk/2.2.0/src/rp2_common/pico_clib_interface/newlib_interface.c.o
                0x100033c8                _exit
 .text.exit     0x100033cc        0x6 pico-devices/examples/bme280/minimum/CMakeFiles/minimum.dir/home/lucas/.pico-sdk/sdk/2.2.0/src/rp2_common/pico_clib_interface/newlib_interface.c.o
                0x100033cc                exit
 *fill*         0x100033d2        0x2 
 .text.__assert_func
                0x100033d4       0x38 pico-devices/examples/bme280/minimum/CMakeFiles/minimum.dir/home/lucas/.pico-sdk/sdk/2.2.0/src/rp2_common/pico_clib_interface/newlib_interface.c.o
                0x100033d4                __assert_func
 .text.runtime_init
                0x1000340c       0x28 pico-devices/examples/bme280/minimum/CMakeFiles/minimum.dir/home/lucas/.pico-sdk/sdk/2.2.0/src/rp2_common/pico_clib_interface/newlib_interface.c.o
                0x1000340c                runtime_init
 .text.stdio_out_chars_no_crlf
                0x10003434        0xe pico-devices/examples/bme280/minimum/CMakeFiles/minimum.dir/home/lucas/.pico-sdk/sdk/2.2.0/src/rp2_common/pico_stdio/stdio.c.o
 *fill*         0x10003442        0x2 
 .text.stdio_out_chars_crlf
                0x10003444       0x80 pico-devices/examples/bme280/minimum/CMakeFiles/minimum.dir/home/lucas/.pico-sdk/sdk/2.2.0/src/rp2_common/pico_stdio/stdio.c.o
 .text.stdio_stack_buffer_flush
                0x100034c4       0x44 pico-devices/examples/bme280/minimum/CMakeFiles/minimum.dir/home/lucas/.pico-sdk/sdk/2.2.0/src/rp2_common/pico_stdio/stdio.c.o
 .text.stdio_buffered_printer
                0x10003508       0x20 pico-devices/examples/bme280/minimum/CMakeFiles/minimum.dir/home/lucas/.pico-sdk/sdk/2.2.0/src/rp2_common/pico_stdio/stdio.c.o
 .text.stdout_serialize_begin
                0x10003528       0x30 pico-devices/examples/bme280/minimum/CMakeFiles/minimum.dir/home/lucas/.pico-sdk/sdk/2.2.0/src/rp2_common/pico_stdio/stdio.c.o
                0x10003528                stdout_serialize_begin
 .text.stdout_serialize_end
                0x10003558       0x10 pico-devices/examples/bme280/minimum/CMakeFiles/minimum.dir/home/lucas/.pico-sdk/sdk/2.2.0/src/rp2_common/pico_stdio/stdio.c.o
                0x10003558                stdout_serialize_end
 .text.stdio_put_string
                0x10003568       0x94 pico-devices/examples/bme280/minimum/CMakeFiles/minimum.dir/home/lucas/.pico-sdk/sdk/2.2.0/src/rp2_common/pico_stdio/stdio.c.o
                0x10003568                stdio_put_string
 .text.stdio_set_driver_enabled
                0x100035fc       0x30 pico-devices/examples/bme280/minimum/CMakeFiles/minimum.dir/home/lucas/.pico-sdk/sdk/2.2.0/src/rp2_common/pico_stdio/stdio.c.o
                0x100035fc                stdio_set_driver_enabled
 .text.stdio_flush
                0x1000362c       0x20 pico-devices/examples/bme280/minimum/CMakeFiles/minimum.dir/home/lucas/.pico-sdk/sdk/2.2.0/src/rp2_common/pico_stdio/stdio.c.o
                0x1000362c                stdio_flush
 .text.stdio_init_all
                0x1000364c        0xa pico-devices/examples/bme280/minimum/CMakeFiles/minimum.dir/home/lucas/.pico-sdk/sdk/2.2.0/src/rp2_common/pico_stdio/stdio.c.o
                0x1000364c                stdio_init_all
 .text.__wrap_puts
                0x10003656       0x1e pico-devices/examples/bme280/minimum/CMakeFiles/minimum.dir/home/lucas/.pico-sdk/sdk/2.2.0/src/rp2_common/pico_stdio/stdio.c.o
                0x10003656                __wrap_puts
                0x10003656                stdio_puts
 .text.__wrap_vprintf
                0x10003674       0x40 pico-devices/examples/bme280/minimum/CMakeFiles/minimum.dir/home/lucas/.pico-sdk/sdk/2.2.0/src/rp2_common/pico_stdio/stdio.c.o
                0x10003674                __wrap_vprintf
                0x10003674                stdio_vprintf
 .text.__wrap_printf
                0x100036b4       0x18 pico-devices/examples/bme280/minimum/CMakeFiles/minimum.dir/home/lucas/.pico-sdk/sdk/2.2.0/src/rp2_common/pico_stdio/stdio.c.o
                0x100036b4                stdio_printf
                0x100036b4                __wrap_printf
 .text.uart_putc
                0x100036cc       0x60 pico-devices/examples/bme280/minimum/CMakeFiles/minimum.dir/home/lucas/.pico-sdk/sdk/2.2.0/src/rp2_common/pico_stdio_uart/stdio_uart.c.o
 .text.uart_getc
                0x1000372c       0x24 pico-devices/examples/bme280/minimum/CMakeFiles/minimum.dir/home/lucas/.pico-sdk/sdk/2.2.0/src/rp2_common/pico_stdio_uart/stdio_uart.c.o
 .text.stdio_uart_out_chars
                0x10003750       0x20 pico-devices/examples/bme280/minimum/CMakeFiles/minimum.dir/home/lucas/.pico-sdk/sdk/2.2.0/src/rp2_common/pico_stdio_uart/stdio_uart.c.o
 .text.stdio_uart_in_chars
                0x10003770       0x5c pico-devices/examples/bme280/minimum/CMakeFiles/minimum.dir/home/lucas/.pico-sdk/sdk/2.2.0/src/rp2_common/pico_stdio_uart/stdio_uart.c.o
                0x10003770                stdio_uart_in_chars
 .text.on_uart_rx
                0x100037cc       0x28 pico-devices/examples/bme280/minimum/CMakeFiles/minimum.dir/home/lucas/.pico-sdk/sdk/2.2.0/src/rp2_common/pico_stdio_uart/stdio_uart.c.o
 .text.stdio_uart_out_flush
                0x100037f4       0x10 pico-devices/examples/bme280/minimum/CMakeFiles/minimum.dir/home/lucas/.pico-sdk/sdk/2.2.0/src/rp2_common/pico_stdio_uart/stdio_uart.c.o
 .text.stdio_uart_set_chars_available_callback
                0x10003804       0x90 pico-devices/examples/bme280/minimum/CMakeFiles/minimum.dir/home/lucas/.pico-sdk/sdk/2.2.0/src/rp2_common/pico_stdio_uart/stdio_uart.c.o
 .text.stdio_uart_init_full
                0x10003894       0x44 pico-devices/examples/bme280/minimum/CMakeFiles/minimum.dir/home/lucas/.pico-sdk/sdk/2.2.0/src/rp2_common/pico_stdio_uart/stdio_uart.c.o
                0x10003894                stdio_uart_init_full
 .text.stdio_uart_init
                0x100038d8       0x30 pico-devices/examples/bme280/minimum/CMakeFiles/minimum.dir/home/lucas/.pico-sdk/sdk/2.2.0/src/rp2_common/pico_stdio_uart/stdio_uart.c.o
                0x100038d8                stdio_uart_init
 .text.i2c_unreset
                0x10003908       0x2c pico-devices/examples/bme280/minimum/CMakeFiles/minimum.dir/home/lucas/.pico-sdk/sdk/2.2.0/src/rp2_common/hardware_i2c/i2c.c.o
 .text.i2c_write_blocking_internal
                0x10003934      0x158 pico-devices/examples/bme280/minimum/CMakeFiles/minimum.dir/home/lucas/.pico-sdk/sdk/2.2.0/src/rp2_common/hardware_i2c/i2c.c.o
 .text.i2c_read_blocking_internal
                0x10003a8c      0x102 pico-devices/examples/bme280/minimum/CMakeFiles/minimum.dir/home/lucas/.pico-sdk/sdk/2.2.0/src/rp2_common/hardware_i2c/i2c.c.o
 *fill*         0x10003b8e        0x2 
 .text.i2c_set_baudrate
                0x10003b90       0xf0 pico-devices/examples/bme280/minimum/CMakeFiles/minimum.dir/home/lucas/.pico-sdk/sdk/2.2.0/src/rp2_common/hardware_i2c/i2c.c.o
                0x10003b90                i2c_set_baudrate
 .text.i2c_init
                0x10003c80       0x54 pico-devices/examples/bme280/minimum/CMakeFiles/minimum.dir/home/lucas/.pico-sdk/sdk/2.2.0/src/rp2_common/hardware_i2c/i2c.c.o
                0x10003c80                i2c_init
 .text.i2c_write_blocking
                0x10003cd4       0x18 pico-devices/examples/bme280/minimum/CMakeFiles/minimum.dir/home/lucas/.pico-sdk/sdk/2.2.0/src/rp2_common/hardware_i2c/i2c.c.o
                0x10003cd4                i2c_write_blocking
 .text.i2c_read_blocking
                0x10003cec       0x18 pico-devices/examples/bme280/minimum/CMakeFiles/minimum.dir/home/lucas/.pico-sdk/sdk/2.2.0/src/rp2_common/hardware_i2c/i2c.c.o
                0x10003cec                i2c_read_blocking
 .text.read_byte
                0x10003d04       0x1c pico-devices/examples/bme280/minimum/CMakeFiles/minimum.dir/__/__/__/src/devices/sensor_bme280/bme280.c.o
 .text.write_byte
                0x10003d20       0x20 pico-devices/examples/bme280/minimum/CMakeFiles/minimum.dir/__/__/__/src/devices/sensor_bme280/bme280.c.o
 .text.read_block
                0x10003d40       0x1a pico-devices/examples/bme280/minimum/CMakeFiles/minimum.dir/__/__/__/src/devices/sensor_bme280/bme280.c.o
 .text.check_chip_id
                0x10003d5a       0x3e pico-devices/examples/bme280/minimum/CMakeFiles/minimum.dir/__/__/__/src/devices/sensor_bme280/bme280.c.o
 .text.soft_reset
                0x10003d98        0xc pico-devices/examples/bme280/minimum/CMakeFiles/minimum.dir/__/__/__/src/devices/sensor_bme280/bme280.c.o
 .text.wait_for_calibration_data
                0x10003da4       0x3e pico-devices/examples/bme280/minimum/CMakeFiles/minimum.dir/__/__/__/src/devices/sensor_bme280/bme280.c.o
 .text.read_uint16_le
                0x10003de2        0xc pico-devices/examples/bme280/minimum/CMakeFiles/minimum.dir/__/__/__/src/devices/sensor_bme280/bme280.c.o
 .text.read_int16_le
                0x10003dee        0xe pico-devices/examples/bme280/minimum/CMakeFiles/minimum.dir/__/__/__/src/devices/sensor_bme280/bme280.c.o
 .text.read_calibration_data
                0x10003dfc       0xe4 pico-devices/examples/bme280/minimum/CMakeFiles/minimum.dir/__/__/__/src/devices/sensor_bme280/bme280.c.o
 .text.configure_settings
                0x10003ee0       0x92 pico-devices/examples/bme280/minimum/CMakeFiles/minimum.dir/__/__/__/src/devices/sensor_bme280/bme280.c.o
 .text.read_raw_data
                0x10003f72       0x48 pico-devices/examples/bme280/minimum/CMakeFiles/minimum.dir/__/__/__/src/devices/sensor_bme280/bme280.c.o
 .text.compensate_temperature
                0x10003fba       0x82 pico-devices/examples/bme280/minimum/CMakeFiles/minimum.dir/__/__/__/src/devices/sensor_bme280/bme280.c.o
 .text.compensate_pressure
                0x1000403c      0x180 pico-devices/examples/bme280/minimum/CMakeFiles/minimum.dir/__/__/__/src/devices/sensor_bme280/bme280.c.o
 .text.compensate_humidity
                0x100041bc       0xec pico-devices/examples/bme280/minimum/CMakeFiles/minimum.dir/__/__/__/src/devices/sensor_bme280/bme280.c.o
 .text.bme280_init_struct
                0x100042a8       0x1a pico-devices/examples/bme280/minimum/CMakeFiles/minimum.dir/__/__/__/src/devices/sensor_bme280/bme280.c.o
                0x100042a8                bme280_init_struct
 *fill*         0x100042c2        0x2 
 .text.bme280_read
                0x100042c4       0xc4 pico-devices/examples/bme280/minimum/CMakeFiles/minimum.dir/__/__/__/src/devices/sensor_bme280/bme280.c.o
                0x100042c4                bme280_read
 .text.bme280_maximum_measurement_time
                0x10004388       0x7c pico-devices/examples/bme280/minimum/CMakeFiles/minimum.dir/__/__/__/src/devices/sensor_bme280/bme280.c.o
                0x10004388                bme280_maximum_measurement_time
 .text.bme280_init
                0x10004404       0x50 pico-devices/examples/bme280/minimum/CMakeFiles/minimum.dir/__/__/__/src/devices/sensor_bme280/bme280.c.o
                0x10004404                bme280_init
 .text.pico_sdk_delay_ms
                0x10004454        0x8 pico-devices/examples/bme280/minimum/CMakeFiles/minimum.dir/__/__/__/src/pico/callbacks_blocking/blocking.c.o
 .text.pico_sdk_i2c_write
                0x1000445c       0x58 pico-devices/examples/bme280/minimum/CMakeFiles/minimum.dir/__/__/__/src/pico/callbacks_blocking/blocking.c.o
 .text.pico_sdk_i2c_read
                0x100044b4       0x4a pico-devices/examples/bme280/minimum/CMakeFiles/minimum.dir/__/__/__/src/pico/callbacks_blocking/blocking.c.o
 *fill*         0x100044fe        0x2 
 .text.strlen   0x10004500       0x5c /home/lucas/.pico-sdk/toolchain/14_2_Rel1/bin/../lib/gcc/arm-none-eabi/14.2.1/../../../../arm-none-eabi/lib/thumb/v6-m/nofp/libg.a(libc_a-strlen-stub.o)
                0x10004500                strlen
 *(.fini)
 .fini          0x1000455c        0x4 /home/lucas/.pico-sdk/toolchain/14_2_Rel1/bin/../lib/gcc/arm-none-eabi/14.2.1/thumb/v6-m/nofp/crti.o
                0x1000455c                _fini
 .fini.__stub   0x10004560       0x40 linker stubs
 *crtbegin.o(.ctors)
 *crtbegin?.o(.ctors)
 *(EXCLUDE_FILE(*crtend.o *crtend?.o) .ctors)
 *(SORT_BY_NAME(.ctors.*))
 *(.ctors)
 *crtbegin.o(.dtors)
 *crtbegin?.o(.dtors)
 *(EXCLUDE_FILE(*crtend.o *crtend?.o) .dtors)
 *(SORT_BY_NAME(.dtors.*))
 *(.dtors)
                0x100045a0                        . = ALIGN (0x4)
                0x100045a0                        PROVIDE (__preinit_array_start = .)
 *(SORT_BY_NAME(.preinit_array.*))
 .preinit_array.00100
                0x100045a0        0x4 pico-devices/examples/bme280/minimum/CMakeFiles/minimum.dir/home/lucas/.pico-sdk/sdk/2.2.0/src/rp2_common/pico_runtime_init/runtime_init.c.o
                0x100045a0                __pre_init_runtime_init_early_resets
 .preinit_array.00101
                0x100045a4        0x4 pico-devices/examples/bme280/minimum/CMakeFiles/minimum.dir/home/lucas/.pico-sdk/sdk/2.2.0/src/rp2_common/pico_runtime_init/runtime_init.c.o
                0x100045a4                __pre_init_runtime_init_usb_power_down
 .preinit_array.00275
                0x100045a8        0x4 pico-devices/examples/bme280/minimum/CMakeFiles/minimum.dir/home/lucas/.pico-sdk/sdk/2.2.0/src/rp2_common/pico_bit_ops/bit_ops_aeabi.S.o
 .preinit_array.00300
                0x100045ac        0x4 pico-devices/examples/bme280/minimum/CMakeFiles/minimum.dir/home/lucas/.pico-sdk/sdk/2.2.0/src/rp2_common/pico_mem_ops/mem_ops_aeabi.S.o
 .preinit_array.00350
                0x100045b0        0x4 pico-devices/examples/bme280/minimum/CMakeFiles/minimum.dir/home/lucas/.pico-sdk/sdk/2.2.0/src/rp2_common/pico_double/double_aeabi_rp2040.S.o
 .preinit_array.00350
                0x100045b4        0x4 pico-devices/examples/bme280/minimum/CMakeFiles/minimum.dir/home/lucas/.pico-sdk/sdk/2.2.0/src/rp2_common/pico_float/float_aeabi_rp2040.S.o
 .preinit_array.00500
                0x100045b8        0x4 pico-devices/examples/bme280/minimum/CMakeFiles/minimum.dir/home/lucas/.pico-sdk/sdk/2.2.0/src/rp2_common/pico_runtime_init/runtime_init.c.o
                0x100045b8                __pre_init_runtime_init_clocks
 .preinit_array.00600
                0x100045bc        0x4 pico-devices/examples/bme280/minimum/CMakeFiles/minimum.dir/home/lucas/.pico-sdk/sdk/2.2.0/src/rp2_common/pico_runtime_init/runtime_init.c.o
                0x100045bc                __pre_init_runtime_init_post_clock_resets
 .preinit_array.00700
                0x100045c0        0x4 pico-devices/examples/bme280/minimum/CMakeFiles/minimum.dir/home/lucas/.pico-sdk/sdk/2.2.0/src/rp2_common/pico_runtime_init/runtime_init.c.o
                0x100045c0                __pre_init_runtime_init_rp2040_gpio_ie_disable
 .preinit_array.01000
                0x100045c4        0x4 pico-devices/examples/bme280/minimum/CMakeFiles/minimum.dir/home/lucas/.pico-sdk/sdk/2.2.0/src/rp2_common/pico_runtime_init/runtime_init.c.o
                0x100045c4                __pre_init_runtime_init_spin_locks_reset
 .preinit_array.01100
                0x100045c8        0x4 pico-devices/examples/bme280/minimum/CMakeFiles/minimum.dir/home/lucas/.pico-sdk/sdk/2.2.0/src/common/pico_sync/mutex.c.o
                0x100045c8                __pre_init_runtime_init_mutex
 .preinit_array.10080
                0x100045cc        0x4 pico-devices/examples/bme280/minimum/CMakeFiles/minimum.dir/home/lucas/.pico-sdk/sdk/2.2.0/src/rp2_common/pico_runtime_init/runtime_init.c.o
                0x100045cc                __pre_init_runtime_init_install_ram_vector_table
 .preinit_array.11000
                0x100045d0        0x4 pico-devices/examples/bme280/minimum/CMakeFiles/minimum.dir/home/lucas/.pico-sdk/sdk/2.2.0/src/common/pico_time/time.c.o
                0x100045d0                __pre_init_runtime_init_default_alarm_pool
 .preinit_array.YYYYY
                0x100045d4        0x4 pico-devices/examples/bme280/minimum/CMakeFiles/minimum.dir/home/lucas/.pico-sdk/sdk/2.2.0/src/rp2_common/pico_runtime/runtime.c.o
                0x100045d4                __pre_init_first_per_core_initializer
 .preinit_array.ZZZZZ.01200
                0x100045d8        0x4 pico-devices/examples/bme280/minimum/CMakeFiles/minimum.dir/home/lucas/.pico-sdk/sdk/2.2.0/src/rp2_common/hardware_irq/irq.c.o
                0x100045d8                __pre_init_runtime_init_per_core_irq_priorities
 *(.preinit_array)
                0x100045dc                        PROVIDE (__preinit_array_end = .)
                0x100045dc                        . = ALIGN (0x4)
                0x100045dc                        PROVIDE (__init_array_start = .)
 *(SORT_BY_NAME(.init_array.*))
 *(.init_array)
 .init_array    0x100045dc        0x4 /home/lucas/.pico-sdk/toolchain/14_2_Rel1/bin/../lib/gcc/arm-none-eabi/14.2.1/thumb/v6-m/nofp/crtbegin.o
                0x100045e0                        PROVIDE (__init_array_end = .)
                0x100045e0                        . = ALIGN (0x4)
                [!provide]                        PROVIDE (__fini_array_start = .)
 *(SORT_BY_NAME(.fini_array.*))
 *(.fini_array)
                [!provide]                        PROVIDE (__fini_array_end = .)
 *(.eh_frame*)
 .eh_frame      0x100045e0        0x0 /home/lucas/.pico-sdk/toolchain/14_2_Rel1/bin/../lib/gcc/arm-none-eabi/14.2.1/thumb/v6-m/nofp/crtbegin.o
                0x100045e0                        . = ALIGN (0x4)

.glue_7         0x100045e0        0x0
 .glue_7        0x100045e0        0x0 linker stubs

.glue_7t        0x100045e0        0x0
 .glue_7t       0x100045e0        0x0 linker stubs

.vfp11_veneer   0x100045e0        0x0
 .vfp11_veneer  0x100045e0        0x0 linker stubs

.v4_bx          0x100045e0        0x0
 .v4_bx         0x100045e0        0x0 linker stubs

.iplt           0x100045e0        0x0
 .iplt          0x100045e0        0x0 /home/lucas/.pico-sdk/toolchain/14_2_Rel1/bin/../lib/gcc/arm-none-eabi/14.2.1/thumb/v6-m/nofp/crtbegin.o

.rodata         0x100045e0      0xa68
 *(EXCLUDE_FILE(*libm.a: *libc.a:*lib_a-mem*.o *libgcc.a:) .rodata*)
 .rodata.main.str1.4
                0x100045e0      0x6c6 pico-devices/examples/bme280/minimum/CMakeFiles/minimum.dir/main.c.o
                                 0x3e (size before relaxing)
 .rodata.panic.str1.4
                0x10004ca6       0x12 pico-devices/examples/bme280/minimum/CMakeFiles/minimum.dir/home/lucas/.pico-sdk/sdk/2.2.0/src/rp2_common/pico_platform_panic/panic.c.o
 .rodata.resolve_j_16.str1.4
                0x10004ca6       0x5a pico-devices/examples/bme280/minimum/CMakeFiles/minimum.dir/home/lucas/.pico-sdk/sdk/2.2.0/src/rp2_common/hardware_irq/irq.c.o
 .rodata.make_j_16.str1.4
                0x10004ca6       0x30 pico-devices/examples/bme280/minimum/CMakeFiles/minimum.dir/home/lucas/.pico-sdk/sdk/2.2.0/src/rp2_common/hardware_irq/irq.c.o
 .rodata.insert_bl_32.str1.4
                0x10004ca6       0x10 pico-devices/examples/bme280/minimum/CMakeFiles/minimum.dir/home/lucas/.pico-sdk/sdk/2.2.0/src/rp2_common/hardware_irq/irq.c.o
 .rodata.irq_set_exclusive_handler.str1.4
                0x10004ca6       0x36 pico-devices/examples/bme280/minimum/CMakeFiles/minimum.dir/home/lucas/.pico-sdk/sdk/2.2.0/src/rp2_common/hardware_irq/irq.c.o
 .rodata.irq_remove_handler.str1.4
                0x10004ca6       0x3a pico-devices/examples/bme280/minimum/CMakeFiles/minimum.dir/home/lucas/.pico-sdk/sdk/2.2.0/src/rp2_common/hardware_irq/irq.c.o
 .rodata.irq_add_tail_to_free_list.str1.4
                0x10004ca6       0x3a pico-devices/examples/bme280/minimum/CMakeFiles/minimum.dir/home/lucas/.pico-sdk/sdk/2.2.0/src/rp2_common/hardware_irq/irq.c.o
 *fill*         0x10004ca6        0x2 
 .rodata.__func__.0
                0x10004ca8       0x1a pico-devices/examples/bme280/minimum/CMakeFiles/minimum.dir/home/lucas/.pico-sdk/sdk/2.2.0/src/rp2_common/hardware_irq/irq.c.o
 *fill*         0x10004cc2        0x2 
 .rodata.__func__.1
                0x10004cc4        0xd pico-devices/examples/bme280/minimum/CMakeFiles/minimum.dir/home/lucas/.pico-sdk/sdk/2.2.0/src/rp2_common/hardware_irq/irq.c.o
 *fill*         0x10004cd1        0x3 
 .rodata.__func__.2
                0x10004cd4       0x13 pico-devices/examples/bme280/minimum/CMakeFiles/minimum.dir/home/lucas/.pico-sdk/sdk/2.2.0/src/rp2_common/hardware_irq/irq.c.o
 *fill*         0x10004ce7        0x1 
 .rodata.__func__.3
                0x10004ce8        0xa pico-devices/examples/bme280/minimum/CMakeFiles/minimum.dir/home/lucas/.pico-sdk/sdk/2.2.0/src/rp2_common/hardware_irq/irq.c.o
 *fill*         0x10004cf2        0x2 
 .rodata.__func__.4
                0x10004cf4        0xd pico-devices/examples/bme280/minimum/CMakeFiles/minimum.dir/home/lucas/.pico-sdk/sdk/2.2.0/src/rp2_common/hardware_irq/irq.c.o
 *fill*         0x10004d01        0x3 
 .rodata.__func__.6
                0x10004d04       0x1a pico-devices/examples/bme280/minimum/CMakeFiles/minimum.dir/home/lucas/.pico-sdk/sdk/2.2.0/src/rp2_common/hardware_irq/irq.c.o
 .rodata.runtime_init_mutex.str1.4
                0x10004d1e       0x5d pico-devices/examples/bme280/minimum/CMakeFiles/minimum.dir/home/lucas/.pico-sdk/sdk/2.2.0/src/common/pico_sync/mutex.c.o
 .rodata.str1.4
                0x10004d1e       0x51 pico-devices/examples/bme280/minimum/CMakeFiles/minimum.dir/home/lucas/.pico-sdk/sdk/2.2.0/src/common/pico_sync/mutex.c.o
 *fill*         0x10004d1e        0x2 
 .rodata.__func__.1
                0x10004d20        0xb pico-devices/examples/bme280/minimum/CMakeFiles/minimum.dir/home/lucas/.pico-sdk/sdk/2.2.0/src/common/pico_sync/mutex.c.o
 *fill*         0x10004d2b        0x1 
 .rodata.__func__.3
                0x10004d2c       0x18 pico-devices/examples/bme280/minimum/CMakeFiles/minimum.dir/home/lucas/.pico-sdk/sdk/2.2.0/src/common/pico_sync/mutex.c.o
 .rodata.__func__.6
                0x10004d44       0x13 pico-devices/examples/bme280/minimum/CMakeFiles/minimum.dir/home/lucas/.pico-sdk/sdk/2.2.0/src/common/pico_sync/mutex.c.o
 .rodata.alarm_pool_irq_handler.str1.4
                0x10004d57       0x68 pico-devices/examples/bme280/minimum/CMakeFiles/minimum.dir/home/lucas/.pico-sdk/sdk/2.2.0/src/common/pico_time/time.c.o
 .rodata.alarm_pool_get_default.str1.4
                0x10004d57       0x21 pico-devices/examples/bme280/minimum/CMakeFiles/minimum.dir/home/lucas/.pico-sdk/sdk/2.2.0/src/common/pico_time/time.c.o
 .rodata.sleep_until.str1.4
                0x10004d57       0x4d pico-devices/examples/bme280/minimum/CMakeFiles/minimum.dir/home/lucas/.pico-sdk/sdk/2.2.0/src/common/pico_time/time.c.o
 *fill*         0x10004d57        0x1 
 .rodata.__func__.1
                0x10004d58       0x17 pico-devices/examples/bme280/minimum/CMakeFiles/minimum.dir/home/lucas/.pico-sdk/sdk/2.2.0/src/common/pico_time/time.c.o
 *fill*         0x10004d6f        0x1 
 .rodata.__func__.2
                0x10004d70       0x17 pico-devices/examples/bme280/minimum/CMakeFiles/minimum.dir/home/lucas/.pico-sdk/sdk/2.2.0/src/common/pico_time/time.c.o
 .rodata.timer_hardware_alarm_claim.str1.4
                0x10004d87       0x22 pico-devices/examples/bme280/minimum/CMakeFiles/minimum.dir/home/lucas/.pico-sdk/sdk/2.2.0/src/rp2_common/hardware_timer/timer.c.o
 .rodata.pll_init.str1.4
                0x10004d87      0x118 pico-devices/examples/bme280/minimum/CMakeFiles/minimum.dir/home/lucas/.pico-sdk/sdk/2.2.0/src/rp2_common/hardware_pll/pll.c.o
 *fill*         0x10004d87        0x1 
 .rodata.__func__.0
                0x10004d88        0x9 pico-devices/examples/bme280/minimum/CMakeFiles/minimum.dir/home/lucas/.pico-sdk/sdk/2.2.0/src/rp2_common/hardware_pll/pll.c.o
 .rodata.missing_double_func_shim.str1.4
                0x10004d91       0x18 pico-devices/examples/bme280/minimum/CMakeFiles/minimum.dir/home/lucas/.pico-sdk/sdk/2.2.0/src/rp2_common/pico_double/double_init_rom_rp2040.c.o
 .rodata.__aeabi_double_init.str1.4
                0x10004d91       0x98 pico-devices/examples/bme280/minimum/CMakeFiles/minimum.dir/home/lucas/.pico-sdk/sdk/2.2.0/src/rp2_common/pico_double/double_init_rom_rp2040.c.o
 *fill*         0x10004d91        0x3 
 .rodata.__func__.0
                0x10004d94       0x14 pico-devices/examples/bme280/minimum/CMakeFiles/minimum.dir/home/lucas/.pico-sdk/sdk/2.2.0/src/rp2_common/pico_double/double_init_rom_rp2040.c.o
 .rodata.missing_float_func_shim.str1.4
                0x10004da8        0x1 pico-devices/examples/bme280/minimum/CMakeFiles/minimum.dir/home/lucas/.pico-sdk/sdk/2.2.0/src/rp2_common/pico_float/float_init_rom_rp2040.c.o
 .rodata.__aeabi_float_init.str1.4
                0x10004da8       0x86 pico-devices/examples/bme280/minimum/CMakeFiles/minimum.dir/home/lucas/.pico-sdk/sdk/2.2.0/src/rp2_common/pico_float/float_init_rom_rp2040.c.o
 .rodata.__func__.0
                0x10004da8       0x13 pico-devices/examples/bme280/minimum/CMakeFiles/minimum.dir/home/lucas/.pico-sdk/sdk/2.2.0/src/rp2_common/pico_float/float_init_rom_rp2040.c.o
 .rodata.str1.4
                0x10004dbb       0x3c pico-devices/examples/bme280/minimum/CMakeFiles/minimum.dir/home/lucas/.pico-sdk/sdk/2.2.0/src/rp2_common/pico_standard_binary_info/standard_binary_info.c.o
 *fill*         0x10004dbb        0x1 
 .rodata.__bi_84
                0x10004dbc        0xc pico-devices/examples/bme280/minimum/CMakeFiles/minimum.dir/home/lucas/.pico-sdk/sdk/2.2.0/src/rp2_common/pico_standard_binary_info/standard_binary_info.c.o
 .rodata.__bi_78
                0x10004dc8        0xc pico-devices/examples/bme280/minimum/CMakeFiles/minimum.dir/home/lucas/.pico-sdk/sdk/2.2.0/src/rp2_common/pico_standard_binary_info/standard_binary_info.c.o
 .rodata.__bi_54
                0x10004dd4        0xc pico-devices/examples/bme280/minimum/CMakeFiles/minimum.dir/home/lucas/.pico-sdk/sdk/2.2.0/src/rp2_common/pico_standard_binary_info/standard_binary_info.c.o
 .rodata.__bi_48
                0x10004de0        0xc pico-devices/examples/bme280/minimum/CMakeFiles/minimum.dir/home/lucas/.pico-sdk/sdk/2.2.0/src/rp2_common/pico_standard_binary_info/standard_binary_info.c.o
 .rodata.__bi_42
                0x10004dec        0xc pico-devices/examples/bme280/minimum/CMakeFiles/minimum.dir/home/lucas/.pico-sdk/sdk/2.2.0/src/rp2_common/pico_standard_binary_info/standard_binary_info.c.o
 .rodata.__bi_34
                0x10004df8        0xc pico-devices/examples/bme280/minimum/CMakeFiles/minimum.dir/home/lucas/.pico-sdk/sdk/2.2.0/src/rp2_common/pico_standard_binary_info/standard_binary_info.c.o
 .rodata.__bi_26
                0x10004e04        0xc pico-devices/examples/bme280/minimum/CMakeFiles/minimum.dir/home/lucas/.pico-sdk/sdk/2.2.0/src/rp2_common/pico_standard_binary_info/standard_binary_info.c.o
 .rodata._ftoa.str1.4
                0x10004e10       0x15 pico-devices/examples/bme280/minimum/CMakeFiles/minimum.dir/home/lucas/.pico-sdk/sdk/2.2.0/src/rp2_common/pico_printf/printf.c.o
 .rodata._vsnprintf
                0x10004e10      0x19c pico-devices/examples/bme280/minimum/CMakeFiles/minimum.dir/home/lucas/.pico-sdk/sdk/2.2.0/src/rp2_common/pico_printf/printf.c.o
 *fill*         0x10004fac        0x4 
 .rodata.pow10.0
                0x10004fb0       0x50 pico-devices/examples/bme280/minimum/CMakeFiles/minimum.dir/home/lucas/.pico-sdk/sdk/2.2.0/src/rp2_common/pico_printf/printf.c.o
 .rodata.__assert_func.str1.4
                0x10005000       0x43 pico-devices/examples/bme280/minimum/CMakeFiles/minimum.dir/home/lucas/.pico-sdk/sdk/2.2.0/src/rp2_common/pico_clib_interface/newlib_interface.c.o
 .rodata.crlf_str.0
                0x10005000        0x2 pico-devices/examples/bme280/minimum/CMakeFiles/minimum.dir/home/lucas/.pico-sdk/sdk/2.2.0/src/rp2_common/pico_stdio/stdio.c.o
 .rodata.str1.4
                0x10005002       0x2c pico-devices/examples/bme280/minimum/CMakeFiles/minimum.dir/home/lucas/.pico-sdk/sdk/2.2.0/src/rp2_common/pico_stdio_uart/stdio_uart.c.o
 *fill*         0x10005002        0x2 
 .rodata.__bi_45.4
                0x10005004        0xc pico-devices/examples/bme280/minimum/CMakeFiles/minimum.dir/home/lucas/.pico-sdk/sdk/2.2.0/src/rp2_common/pico_stdio_uart/stdio_uart.c.o
 .rodata.__bi_49.5
                0x10005010        0x8 pico-devices/examples/bme280/minimum/CMakeFiles/minimum.dir/home/lucas/.pico-sdk/sdk/2.2.0/src/rp2_common/pico_stdio_uart/stdio_uart.c.o
 .rodata.__bi_50.6
                0x10005018        0x8 pico-devices/examples/bme280/minimum/CMakeFiles/minimum.dir/home/lucas/.pico-sdk/sdk/2.2.0/src/rp2_common/pico_stdio_uart/stdio_uart.c.o
 .rodata.i2c_set_baudrate.str1.4
                0x10005020       0x62 pico-devices/examples/bme280/minimum/CMakeFiles/minimum.dir/home/lucas/.pico-sdk/sdk/2.2.0/src/rp2_common/hardware_i2c/i2c.c.o
 .rodata.__func__.0
                0x10005020       0x11 pico-devices/examples/bme280/minimum/CMakeFiles/minimum.dir/home/lucas/.pico-sdk/sdk/2.2.0/src/rp2_common/hardware_i2c/i2c.c.o
 *fill*         0x10005031        0x3 
 .rodata.samples
                0x10005034        0x6 pico-devices/examples/bme280/minimum/CMakeFiles/minimum.dir/__/__/__/src/devices/sensor_bme280/bme280.c.o
 *fill*         0x1000503a        0x2 
 .rodata.pico_callbacks_blocking
                0x1000503c        0xc pico-devices/examples/bme280/minimum/CMakeFiles/minimum.dir/__/__/__/src/pico/callbacks_blocking/blocking.c.o
                0x1000503c                pico_callbacks_blocking
                0x10005048                        . = ALIGN (0x4)
 *(SORT_BY_ALIGNMENT(SORT_BY_NAME(.flashdata*)))
                0x10005048                        . = ALIGN (0x4)

.ARM.extab
 *(.ARM.extab* .gnu.linkonce.armextab.*)
                0x10005048                        __exidx_start = .

.ARM.exidx
 *(.ARM.exidx* .gnu.linkonce.armexidx.*)
                0x10005048                        __exidx_end = .
                0x10005048                        . = ALIGN (0x4)
                0x10005048                        __binary_info_start = .

.binary_info    0x10005048       0x28
 *(.binary_info.keep.*)
 .binary_info.keep.__bi_ptr84
                0x10005048        0x4 pico-devices/examples/bme280/minimum/CMakeFiles/minimum.dir/home/lucas/.pico-sdk/sdk/2.2.0/src/rp2_common/pico_standard_binary_info/standard_binary_info.c.o
 .binary_info.keep.__bi_ptr78
                0x1000504c        0x4 pico-devices/examples/bme280/minimum/CMakeFiles/minimum.dir/home/lucas/.pico-sdk/sdk/2.2.0/src/rp2_common/pico_standard_binary_info/standard_binary_info.c.o
 .binary_info.keep.__bi_ptr54
                0x10005050        0x4 pico-devices/examples/bme280/minimum/CMakeFiles/minimum.dir/home/lucas/.pico-sdk/sdk/2.2.0/src/rp2_common/pico_standard_binary_info/standard_binary_info.c.o
 .binary_info.keep.__bi_ptr48
                0x10005054        0x4 pico-devices/examples/bme280/minimum/CMakeFiles/minimum.dir/home/lucas/.pico-sdk/sdk/2.2.0/src/rp2_common/pico_standard_binary_info/standard_binary_info.c.o
 .binary_info.keep.__bi_ptr42
                0x10005058        0x4 pico-devices/examples/bme280/minimum/CMakeFiles/minimum.dir/home/lucas/.pico-sdk/sdk/2.2.0/src/rp2_common/pico_standard_binary_info/standard_binary_info.c.o
 .binary_info.keep.__bi_ptr34
                0x1000505c        0x4 pico-devices/examples/bme280/minimum/CMakeFiles/minimum.dir/home/lucas/.pico-sdk/sdk/2.2.0/src/rp2_common/pico_standard_binary_info/standard_binary_info.c.o
 .binary_info.keep.__bi_ptr26
                0x10005060        0x4 pico-devices/examples/bme280/minimum/CMakeFiles/minimum.dir/home/lucas/.pico-sdk/sdk/2.2.0/src/rp2_common/pico_standard_binary_info/standard_binary_info.c.o
 *(.binary_info.*)
 .binary_info.__bi_ptr50
                0x10005064        0x4 pico-devices/examples/bme280/minimum/CMakeFiles/minimum.dir/home/lucas/.pico-sdk/sdk/2.2.0/src/rp2_common/pico_stdio_uart/stdio_uart.c.o
 .binary_info.__bi_ptr49
                0x10005068        0x4 pico-devices/examples/bme280/minimum/CMakeFiles/minimum.dir/home/lucas/.pico-sdk/sdk/2.2.0/src/rp2_common/pico_stdio_uart/stdio_uart.c.o
 .binary_info.__bi_ptr45
                0x1000506c        0x4 pico-devices/examples/bme280/minimum/CMakeFiles/minimum.dir/home/lucas/.pico-sdk/sdk/2.2.0/src/rp2_common/pico_stdio_uart/stdio_uart.c.o
                0x10005070                        __binary_info_end = .
                0x10005070                        . = ALIGN (0x4)

.ram_vector_table
                0x20000000       0xc0
 *(.ram_vector_table)
 .ram_vector_table
                0x20000000       0xc0 pico-devices/examples/bme280/minimum/CMakeFiles/minimum.dir/home/lucas/.pico-sdk/sdk/2.2.0/src/rp2_common/pico_runtime_init/runtime_init.c.o
                0x20000000                ram_vector_table

.uninitialized_data
                0x200000c0        0x0
                0x200000c0                        . = ALIGN (0x4)
 *(.uninitialized_data*)

.data           0x200000c0      0x238 load address 0x10005070
                0x200000c0                        __data_start__ = .
 *(vtable)
 *(.time_critical*)
 .time_critical.mutex_try_enter
                0x200000c0       0x48 pico-devices/examples/bme280/minimum/CMakeFiles/minimum.dir/home/lucas/.pico-sdk/sdk/2.2.0/src/common/pico_sync/mutex.c.o
                0x200000c0                mutex_try_enter
 .time_critical.mutex_enter_block_until
                0x20000108       0x90 pico-devices/examples/bme280/minimum/CMakeFiles/minimum.dir/home/lucas/.pico-sdk/sdk/2.2.0/src/common/pico_sync/mutex.c.o
                0x20000108                mutex_enter_block_until
 .time_critical.mutex_try_enter_block_until
                0x20000198       0x34 pico-devices/examples/bme280/minimum/CMakeFiles/minimum.dir/home/lucas/.pico-sdk/sdk/2.2.0/src/common/pico_sync/mutex.c.o
                0x20000198                mutex_try_enter_block_until
 .time_critical.mutex_exit
                0x200001cc       0x4c pico-devices/examples/bme280/minimum/CMakeFiles/minimum.dir/home/lucas/.pico-sdk/sdk/2.2.0/src/common/pico_sync/mutex.c.o
                0x200001cc                mutex_exit
 *(.text*)
 .text          0x20000218        0x4 /home/lucas/.pico-sdk/toolchain/14_2_Rel1/bin/../lib/gcc/arm-none-eabi/14.2.1/thumb/v6-m/nofp/libgcc.a(_dvmd_tls.o)
                0x20000218                __aeabi_ldiv0
                0x20000218                __aeabi_idiv0
 *fill*         0x2000021c        0x4 
 .text.__stub   0x20000220       0x20 linker stubs
                0x20000240                        . = ALIGN (0x4)
 *(.rodata*)
                0x20000240                        . = ALIGN (0x4)
 *(.data*)
 .data.striped_spin_lock_num
                0x20000240        0x1 pico-devices/examples/bme280/minimum/CMakeFiles/minimum.dir/home/lucas/.pico-sdk/sdk/2.2.0/src/rp2_common/hardware_sync/sync.c.o
 *fill*         0x20000241        0x3 
 .data          0x20000244       0x48 pico-devices/examples/bme280/minimum/CMakeFiles/minimum.dir/home/lucas/.pico-sdk/sdk/2.2.0/src/rp2_common/hardware_irq/irq_handler_chain.S.o
                0x20000244                irq_handler_chain_slots
                0x20000274                irq_handler_chain_first_slot
                0x2000027e                irq_handler_chain_remove_tail
 .data.default_alarm_pool
                0x2000028c       0x18 pico-devices/examples/bme280/minimum/CMakeFiles/minimum.dir/home/lucas/.pico-sdk/sdk/2.2.0/src/common/pico_time/time.c.o
 *fill*         0x200002a4        0xc 
 .data.aeabi_bits_funcs
                0x200002b0       0x10 pico-devices/examples/bme280/minimum/CMakeFiles/minimum.dir/home/lucas/.pico-sdk/sdk/2.2.0/src/rp2_common/pico_bit_ops/bit_ops_aeabi.S.o
                0x200002b0                aeabi_bits_funcs
                0x200002c0                aeabi_bits_funcs_end
 .data.aeabi_mem_funcs
                0x200002c0       0x10 pico-devices/examples/bme280/minimum/CMakeFiles/minimum.dir/home/lucas/.pico-sdk/sdk/2.2.0/src/rp2_common/pico_mem_ops/mem_ops_aeabi.S.o
                0x200002c0                aeabi_mem_funcs
                0x200002d0                aeabi_mem_funcs_end
 .data.stdio_uart
                0x200002d0       0x18 pico-devices/examples/bme280/minimum/CMakeFiles/minimum.dir/home/lucas/.pico-sdk/sdk/2.2.0/src/rp2_common/pico_stdio_uart/stdio_uart.c.o
                0x200002d0                stdio_uart
 .data.i2c0_inst
                0x200002e8        0x8 pico-devices/examples/bme280/minimum/CMakeFiles/minimum.dir/home/lucas/.pico-sdk/sdk/2.2.0/src/rp2_common/hardware_i2c/i2c.c.o
                0x200002e8                i2c0_inst
                0x200002f0                        . = ALIGN (0x4)
 *(.after_data.*)
                0x200002f0                        . = ALIGN (0x4)
                0x200002f0                        PROVIDE (__mutex_array_start = .)
 *(SORT_BY_NAME(.mutex_array.*))
 *(.mutex_array)
 .mutex_array   0x200002f0        0x8 pico-devices/examples/bme280/minimum/CMakeFiles/minimum.dir/home/lucas/.pico-sdk/sdk/2.2.0/src/rp2_common/pico_stdio/stdio.c.o
                0x200002f8                        PROVIDE (__mutex_array_end = .)
                0x200002f8                        . = ALIGN (0x4)
 *(.jcr)
                0x200002f8                        . = ALIGN (0x4)

.tm_clone_table
                0x200002f8        0x0 load address 0x100052a8
 .tm_clone_table
                0x200002f8        0x0 /home/lucas/.pico-sdk/toolchain/14_2_Rel1/bin/../lib/gcc/arm-none-eabi/14.2.1/thumb/v6-m/nofp/crtbegin.o
 .tm_clone_table
                0x200002f8        0x0 /home/lucas/.pico-sdk/toolchain/14_2_Rel1/bin/../lib/gcc/arm-none-eabi/14.2.1/thumb/v6-m/nofp/crtend.o

.igot.plt       0x200002f8        0x0 load address 0x100052a8
 .igot.plt      0x200002f8        0x0 /home/lucas/.pico-sdk/toolchain/14_2_Rel1/bin/../lib/gcc/arm-none-eabi/14.2.1/thumb/v6-m/nofp/crtbegin.o

.tdata          0x200002f8        0x0 load address 0x100052a8
                0x200002f8                        . = ALIGN (0x4)
 *(.tdata .tdata.* .gnu.linkonce.td.*)
                0x200002f8                        __tdata_end = .
                0x200002f8                        PROVIDE (__data_end__ = .)
                0x10005070                        __etext = LOADADDR (.data)

.tbss           0x200002f8        0x0 load address 0x100052a8
                0x200002f8                        . = ALIGN (0x4)
                0x200002f8                        __bss_start__ = .
                0x200002f8                        __tls_base = .
 *(.tbss .tbss.* .gnu.linkonce.tb.*)
 *(.tcommon)
                0x200002f8                        __tls_end = .

.bss            0x200002f8      0x3f8 load address 0x100052a8
                0x200002f8                        . = ALIGN (0x4)
                0x200002f8                        __tbss_end = .
 *(SORT_BY_ALIGNMENT(SORT_BY_NAME(.bss*)))
 .bss.default_alarm_pool_entries
                0x200002f8      0x180 pico-devices/examples/bme280/minimum/CMakeFiles/minimum.dir/home/lucas/.pico-sdk/sdk/2.2.0/src/common/pico_time/time.c.o
 .bss.chars_available_callback
                0x20000478        0x4 pico-devices/examples/bme280/minimum/CMakeFiles/minimum.dir/home/lucas/.pico-sdk/sdk/2.2.0/src/rp2_common/pico_stdio_uart/stdio_uart.c.o
 .bss.chars_available_param
                0x2000047c        0x4 pico-devices/examples/bme280/minimum/CMakeFiles/minimum.dir/home/lucas/.pico-sdk/sdk/2.2.0/src/rp2_common/pico_stdio_uart/stdio_uart.c.o
 .bss.claimed   0x20000480        0x1 pico-devices/examples/bme280/minimum/CMakeFiles/minimum.dir/home/lucas/.pico-sdk/sdk/2.2.0/src/rp2_common/hardware_timer/timer.c.o
 *fill*         0x20000481        0x3 
 .bss.configured_freq
                0x20000484       0x28 pico-devices/examples/bme280/minimum/CMakeFiles/minimum.dir/home/lucas/.pico-sdk/sdk/2.2.0/src/rp2_common/hardware_clocks/clocks.c.o
 .bss.drivers   0x200004ac        0x4 pico-devices/examples/bme280/minimum/CMakeFiles/minimum.dir/home/lucas/.pico-sdk/sdk/2.2.0/src/rp2_common/pico_stdio/stdio.c.o
 .bss.filter    0x200004b0        0x4 pico-devices/examples/bme280/minimum/CMakeFiles/minimum.dir/home/lucas/.pico-sdk/sdk/2.2.0/src/rp2_common/pico_stdio/stdio.c.o
 .bss.object.0  0x200004b4       0x18 /home/lucas/.pico-sdk/toolchain/14_2_Rel1/bin/../lib/gcc/arm-none-eabi/14.2.1/thumb/v6-m/nofp/crtbegin.o
 .bss.pools     0x200004cc       0x10 pico-devices/examples/bme280/minimum/CMakeFiles/minimum.dir/home/lucas/.pico-sdk/sdk/2.2.0/src/common/pico_time/time.c.o
 .bss.sd_table  0x200004dc      0x100 pico-devices/examples/bme280/minimum/CMakeFiles/minimum.dir/home/lucas/.pico-sdk/sdk/2.2.0/src/rp2_common/pico_double/double_init_rom_rp2040.c.o
                0x200004dc                sd_table
 .bss.sf_clz_func
                0x200005dc        0x4 pico-devices/examples/bme280/minimum/CMakeFiles/minimum.dir/home/lucas/.pico-sdk/sdk/2.2.0/src/rp2_common/pico_double/double_init_rom_rp2040.c.o
                0x200005dc                sf_clz_func
 .bss.sf_table  0x200005e0      0x100 pico-devices/examples/bme280/minimum/CMakeFiles/minimum.dir/home/lucas/.pico-sdk/sdk/2.2.0/src/rp2_common/pico_float/float_init_rom_rp2040.c.o
                0x200005e0                sf_table
 .bss.sleep_notifier
                0x200006e0        0x4 pico-devices/examples/bme280/minimum/CMakeFiles/minimum.dir/home/lucas/.pico-sdk/sdk/2.2.0/src/common/pico_time/time.c.o
 .bss.uart_char_to_line_feed
                0x200006e4        0x4 pico-devices/examples/bme280/minimum/CMakeFiles/minimum.dir/home/lucas/.pico-sdk/sdk/2.2.0/src/rp2_common/hardware_uart/uart.c.o
                0x200006e4                uart_char_to_line_feed
 .bss.uart_instance
                0x200006e8        0x4 pico-devices/examples/bme280/minimum/CMakeFiles/minimum.dir/home/lucas/.pico-sdk/sdk/2.2.0/src/rp2_common/pico_stdio_uart/stdio_uart.c.o
 .bss.irq_handler_chain_free_slot_head
                0x200006ec        0x1 pico-devices/examples/bme280/minimum/CMakeFiles/minimum.dir/home/lucas/.pico-sdk/sdk/2.2.0/src/rp2_common/hardware_irq/irq.c.o
 *(COMMON)
                0x200006f0                        . = ALIGN (0x4)
 *fill*         0x200006ed        0x3 
                0x200006f0                        __bss_end__ = .

.heap           0x200006f0      0x800 load address 0x100052a8
                0x200006f0                        __end__ = .
                0x200006f0                        end = __end__
 *(.heap*)
 .heap          0x200006f0      0x800 pico-devices/examples/bme280/minimum/CMakeFiles/minimum.dir/home/lucas/.pico-sdk/sdk/2.2.0/src/rp2_common/pico_crt0/crt0.S.o
                0x20040000                        __HeapLimit = (ORIGIN (RAM) + LENGTH (RAM))

.scratch_x      0x20040000        0x0 load address 0x100052a8
                0x20040000                        __scratch_x_start__ = .
 *(.scratch_x.*)
                0x20040000                        . = ALIGN (0x4)
                0x20040000                        __scratch_x_end__ = .
                0x100052a8                        __scratch_x_source__ = LOADADDR (.scratch_x)

.scratch_y      0x20041000        0x0 load address 0x100052a8
                0x20041000                        __scratch_y_start__ = .
 *(.scratch_y.*)
                0x20041000                        . = ALIGN (0x4)
                0x20041000                        __scratch_y_end__ = .
                0x100052a8                        __scratch_y_source__ = LOADADDR (.scratch_y)

.stack1_dummy
 *(.stack1*)

.stack_dummy    0x20041000      0x800
 *(.stack*)
 .stack         0x20041000      0x800 pico-devices/examples/bme280/minimum/CMakeFiles/minimum.dir/home/lucas/.pico-sdk/sdk/2.2.0/src/rp2_common/pico_crt0/crt0.S.o

.rel.dyn        0x20041800        0x0
 .rel.iplt      0x20041800        0x0 /home/lucas/.pico-sdk/toolchain/14_2_Rel1/bin/../lib/gcc/arm-none-eabi/14.2.1/thumb/v6-m/nofp/crtbegin.o

.flash_end      0x100052a8        0x0
 *(.embedded_end_block*)
                0x100052a8                        PROVIDE (__flash_binary_end = .)
                0x20040000                        __StackLimit = (ORIGIN (RAM) + LENGTH (RAM))
                0x20041000                        __StackOneTop = (ORIGIN (SCRATCH_X) + LENGTH (SCRATCH_X))
                0x20042000                        __StackTop = (ORIGIN (SCRATCH_Y) + LENGTH (SCRATCH_Y))
                0x20041000                        __StackOneBottom = (__StackOneTop - SIZEOF (.stack1_dummy))
                0x20041800                        __StackBottom = (__StackTop - SIZEOF (.stack_dummy))
                0x20042000                        PROVIDE (__stack = __StackTop)
                [!provide]                        PROVIDE (__heap_start = __end__)
                [!provide]                        PROVIDE (__heap_end = __HeapLimit)
                [!provide]                        PROVIDE (__tls_align = MAX (ALIGNOF (.tdata), ALIGNOF (.tbss)))
                [!provide]                        PROVIDE (__tls_size_align = (((__tls_size + __tls_align) - 0x1) & ~ ((__tls_align - 0x1))))
                [!provide]                        PROVIDE (__arm32_tls_tcb_offset = MAX (0x8, __tls_align))
                [!provide]                        PROVIDE (_end = __end__)
                [!provide]                        PROVIDE (__llvm_libc_heap_limit = __HeapLimit)
                0x00000001                        ASSERT ((__StackLimit >= __HeapLimit), region RAM overflowed)
                0x00000001                        ASSERT (((__binary_info_header_end - __logical_binary_start) <= 0x100), Binary info must be in first 256 bytes of the binary)
LOAD pico-devices/examples/bme280/minimum/CMakeFiles/minimum.dir/main.c.o
LOAD pico-devices/examples/bme280/minimum/CMakeFiles/minimum.dir/home/lucas/.pico-sdk/sdk/2.2.0/src/rp2_common/pico_stdlib/stdlib.c.o
LOAD pico-devices/examples/bme280/minimum/CMakeFiles/minimum.dir/home/lucas/.pico-sdk/sdk/2.2.0/src/rp2_common/hardware_gpio/gpio.c.o
LOAD pico-devices/examples/bme280/minimum/CMakeFiles/minimum.dir/home/lucas/.pico-sdk/sdk/2.2.0/src/rp2040/pico_platform/platform.c.o
LOAD pico-devices/examples/bme280/minimum/CMakeFiles/minimum.dir/home/lucas/.pico-sdk/sdk/2.2.0/src/rp2_common/pico_platform_common/common.c.o
LOAD pico-devices/examples/bme280/minimum/CMakeFiles/minimum.dir/home/lucas/.pico-sdk/sdk/2.2.0/src/rp2_common/pico_platform_panic/panic.c.o
LOAD pico-devices/examples/bme280/minimum/CMakeFiles/minimum.dir/home/lucas/.pico-sdk/sdk/2.2.0/src/common/hardware_claim/claim.c.o
LOAD pico-devices/examples/bme280/minimum/CMakeFiles/minimum.dir/home/lucas/.pico-sdk/sdk/2.2.0/src/rp2_common/hardware_sync/sync.c.o
LOAD pico-devices/examples/bme280/minimum/CMakeFiles/minimum.dir/home/lucas/.pico-sdk/sdk/2.2.0/src/rp2_common/hardware_sync_spin_lock/sync_spin_lock.c.o
LOAD pico-devices/examples/bme280/minimum/CMakeFiles/minimum.dir/home/lucas/.pico-sdk/sdk/2.2.0/src/rp2_common/hardware_irq/irq.c.o
LOAD pico-devices/examples/bme280/minimum/CMakeFiles/minimum.dir/home/lucas/.pico-sdk/sdk/2.2.0/src/rp2_common/hardware_irq/irq_handler_chain.S.o
LOAD pico-devices/examples/bme280/minimum/CMakeFiles/minimum.dir/home/lucas/.pico-sdk/sdk/2.2.0/src/common/pico_sync/sem.c.o
LOAD pico-devices/examples/bme280/minimum/CMakeFiles/minimum.dir/home/lucas/.pico-sdk/sdk/2.2.0/src/common/pico_sync/lock_core.c.o
LOAD pico-devices/examples/bme280/minimum/CMakeFiles/minimum.dir/home/lucas/.pico-sdk/sdk/2.2.0/src/common/pico_sync/mutex.c.o
LOAD pico-devices/examples/bme280/minimum/CMakeFiles/minimum.dir/home/lucas/.pico-sdk/sdk/2.2.0/src/common/pico_sync/critical_section.c.o
LOAD pico-devices/examples/bme280/minimum/CMakeFiles/minimum.dir/home/lucas/.pico-sdk/sdk/2.2.0/src/common/pico_time/time.c.o
LOAD pico-devices/examples/bme280/minimum/CMakeFiles/minimum.dir/home/lucas/.pico-sdk/sdk/2.2.0/src/common/pico_time/timeout_helper.c.o
LOAD pico-devices/examples/bme280/minimum/CMakeFiles/minimum.dir/home/lucas/.pico-sdk/sdk/2.2.0/src/rp2_common/hardware_timer/timer.c.o
LOAD pico-devices/examples/bme280/minimum/CMakeFiles/minimum.dir/home/lucas/.pico-sdk/sdk/2.2.0/src/common/pico_util/datetime.c.o
LOAD pico-devices/examples/bme280/minimum/CMakeFiles/minimum.dir/home/lucas/.pico-sdk/sdk/2.2.0/src/common/pico_util/pheap.c.o
LOAD pico-devices/examples/bme280/minimum/CMakeFiles/minimum.dir/home/lucas/.pico-sdk/sdk/2.2.0/src/common/pico_util/queue.c.o
LOAD pico-devices/examples/bme280/minimum/CMakeFiles/minimum.dir/home/lucas/.pico-sdk/sdk/2.2.0/src/rp2_common/hardware_uart/uart.c.o
LOAD pico-devices/examples/bme280/minimum/CMakeFiles/minimum.dir/home/lucas/.pico-sdk/sdk/2.2.0/src/rp2_common/hardware_clocks/clocks.c.o
LOAD pico-devices/examples/bme280/minimum/CMakeFiles/minimum.dir/home/lucas/.pico-sdk/sdk/2.2.0/src/rp2_common/hardware_pll/pll.c.o
LOAD pico-devices/examples/bme280/minimum/CMakeFiles/minimum.dir/home/lucas/.pico-sdk/sdk/2.2.0/src/rp2_common/hardware_vreg/vreg.c.o
LOAD pico-devices/examples/bme280/minimum/CMakeFiles/minimum.dir/home/lucas/.pico-sdk/sdk/2.2.0/src/rp2_common/hardware_watchdog/watchdog.c.o
LOAD pico-devices/examples/bme280/minimum/CMakeFiles/minimum.dir/home/lucas/.pico-sdk/sdk/2.2.0/src/rp2_common/hardware_ticks/ticks.c.o
LOAD pico-devices/examples/bme280/minimum/CMakeFiles/minimum.dir/home/lucas/.pico-sdk/sdk/2.2.0/src/rp2_common/pico_bootrom/bootrom.c.o
LOAD pico-devices/examples/bme280/minimum/CMakeFiles/minimum.dir/home/lucas/.pico-sdk/sdk/2.2.0/src/rp2_common/pico_bootrom/bootrom_lock.c.o
LOAD pico-devices/examples/bme280/minimum/CMakeFiles/minimum.dir/home/lucas/.pico-sdk/sdk/2.2.0/src/rp2_common/hardware_boot_lock/boot_lock.c.o
LOAD pico-devices/examples/bme280/minimum/CMakeFiles/minimum.dir/home/lucas/.pico-sdk/sdk/2.2.0/src/rp2_common/pico_flash/flash.c.o
LOAD pico-devices/examples/bme280/minimum/CMakeFiles/minimum.dir/home/lucas/.pico-sdk/sdk/2.2.0/src/rp2_common/hardware_xosc/xosc.c.o
LOAD pico-devices/examples/bme280/minimum/CMakeFiles/minimum.dir/home/lucas/.pico-sdk/sdk/2.2.0/src/rp2_common/hardware_divider/divider.S.o
LOAD pico-devices/examples/bme280/minimum/CMakeFiles/minimum.dir/home/lucas/.pico-sdk/sdk/2.2.0/src/rp2_common/pico_runtime/runtime.c.o
LOAD pico-devices/examples/bme280/minimum/CMakeFiles/minimum.dir/home/lucas/.pico-sdk/sdk/2.2.0/src/rp2_common/pico_runtime_init/runtime_init.c.o
LOAD pico-devices/examples/bme280/minimum/CMakeFiles/minimum.dir/home/lucas/.pico-sdk/sdk/2.2.0/src/rp2_common/pico_runtime_init/runtime_init_clocks.c.o
LOAD pico-devices/examples/bme280/minimum/CMakeFiles/minimum.dir/home/lucas/.pico-sdk/sdk/2.2.0/src/rp2_common/pico_runtime_init/runtime_init_stack_guard.c.o
LOAD pico-devices/examples/bme280/minimum/CMakeFiles/minimum.dir/home/lucas/.pico-sdk/sdk/2.2.0/src/rp2_common/pico_bit_ops/bit_ops_aeabi.S.o
LOAD pico-devices/examples/bme280/minimum/CMakeFiles/minimum.dir/home/lucas/.pico-sdk/sdk/2.2.0/src/rp2_common/pico_divider/divider_hardware.S.o
LOAD pico-devices/examples/bme280/minimum/CMakeFiles/minimum.dir/home/lucas/.pico-sdk/sdk/2.2.0/src/rp2_common/pico_double/double_aeabi_rp2040.S.o
LOAD pico-devices/examples/bme280/minimum/CMakeFiles/minimum.dir/home/lucas/.pico-sdk/sdk/2.2.0/src/rp2_common/pico_double/double_init_rom_rp2040.c.o
LOAD pico-devices/examples/bme280/minimum/CMakeFiles/minimum.dir/home/lucas/.pico-sdk/sdk/2.2.0/src/rp2_common/pico_double/double_math.c.o
LOAD pico-devices/examples/bme280/minimum/CMakeFiles/minimum.dir/home/lucas/.pico-sdk/sdk/2.2.0/src/rp2_common/pico_double/double_v1_rom_shim_rp2040.S.o
LOAD pico-devices/examples/bme280/minimum/CMakeFiles/minimum.dir/home/lucas/.pico-sdk/sdk/2.2.0/src/rp2_common/pico_int64_ops/pico_int64_ops_aeabi.S.o
LOAD pico-devices/examples/bme280/minimum/CMakeFiles/minimum.dir/home/lucas/.pico-sdk/sdk/2.2.0/src/rp2_common/pico_float/float_aeabi_rp2040.S.o
LOAD pico-devices/examples/bme280/minimum/CMakeFiles/minimum.dir/home/lucas/.pico-sdk/sdk/2.2.0/src/rp2_common/pico_float/float_init_rom_rp2040.c.o
LOAD pico-devices/examples/bme280/minimum/CMakeFiles/minimum.dir/home/lucas/.pico-sdk/sdk/2.2.0/src/rp2_common/pico_float/float_math.c.o
LOAD pico-devices/examples/bme280/minimum/CMakeFiles/minimum.dir/home/lucas/.pico-sdk/sdk/2.2.0/src/rp2_common/pico_float/float_v1_rom_shim_rp2040.S.o
LOAD pico-devices/examples/bme280/minimum/CMakeFiles/minimum.dir/home/lucas/.pico-sdk/sdk/2.2.0/src/rp2_common/pico_malloc/malloc.c.o
LOAD pico-devices/examples/bme280/minimum/CMakeFiles/minimum.dir/home/lucas/.pico-sdk/sdk/2.2.0/src/rp2_common/pico_mem_ops/mem_ops_aeabi.S.o
LOAD pico-devices/examples/bme280/minimum/CMakeFiles/minimum.dir/home/lucas/.pico-sdk/sdk/2.2.0/src/rp2_common/pico_atomic/atomic.c.o
LOAD pico-devices/examples/bme280/minimum/CMakeFiles/minimum.dir/home/lucas/.pico-sdk/sdk/2.2.0/src/rp2_common/pico_cxx_options/new_delete.cpp.o
LOAD pico-devices/examples/bme280/minimum/CMakeFiles/minimum.dir/home/lucas/.pico-sdk/sdk/2.2.0/src/rp2_common/pico_standard_binary_info/standard_binary_info.c.o
LOAD pico-devices/examples/bme280/minimum/CMakeFiles/minimum.dir/home/lucas/.pico-sdk/sdk/2.2.0/src/rp2_common/pico_printf/printf.c.o
LOAD pico-devices/examples/bme280/minimum/CMakeFiles/minimum.dir/home/lucas/.pico-sdk/sdk/2.2.0/src/rp2_common/pico_crt0/crt0.S.o
LOAD pico-devices/examples/bme280/minimum/CMakeFiles/minimum.dir/home/lucas/.pico-sdk/sdk/2.2.0/src/rp2_common/pico_clib_interface/newlib_interface.c.o
LOAD pico-devices/examples/bme280/minimum/CMakeFiles/minimum.dir/home/lucas/.pico-sdk/sdk/2.2.0/src/rp2_common/pico_stdio/stdio.c.o
LOAD pico-devices/examples/bme280/minimum/CMakeFiles/minimum.dir/home/lucas/.pico-sdk/sdk/2.2.0/src/rp2_common/pico_stdio_uart/stdio_uart.c.o
LOAD pico-devices/examples/bme280/minimum/CMakeFiles/minimum.dir/home/lucas/.pico-sdk/sdk/2.2.0/src/rp2_common/hardware_i2c/i2c.c.o
LOAD pico-devices/examples/bme280/minimum/CMakeFiles/minimum.dir/__/__/__/src/devices/sensor_bme280/bme280.c.o
LOAD pico-devices/examples/bme280/minimum/CMakeFiles/minimum.dir/__/__/__/src/pico/callbacks_blocking/blocking.c.o
LOAD pico-sdk/src/rp2040/boot_stage2/CMakeFiles/bs2_default_library.dir/./bs2_default_padded_checksummed.S.o
LOAD /home/lucas/.pico-sdk/toolchain/14_2_Rel1/bin/../lib/gcc/arm-none-eabi/14.2.1/../../../../arm-none-eabi/lib/thumb/v6-m/nofp/libstdc++.a
LOAD /home/lucas/.pico-sdk/toolchain/14_2_Rel1/bin/../lib/gcc/arm-none-eabi/14.2.1/../../../../arm-none-eabi/lib/thumb/v6-m/nofp/libm.a
START GROUP
LOAD /home/lucas/.pico-sdk/toolchain/14_2_Rel1/bin/../lib/gcc/arm-none-eabi/14.2.1/thumb/v6-m/nofp/libgcc.a
LOAD /home/lucas/.pico-sdk/toolchain/14_2_Rel1/bin/../lib/gcc/arm-none-eabi/14.2.1/../../../../arm-none-eabi/lib/thumb/v6-m/nofp/libg.a
LOAD /home/lucas/.pico-sdk/toolchain/14_2_Rel1/bin/../lib/gcc/arm-none-eabi/14.2.1/../../../../arm-none-eabi/lib/thumb/v6-m/nofp/libc.a
END GROUP
START GROUP
LOAD /home/lucas/.pico-sdk/toolchain/14_2_Rel1/bin/../lib/gcc/arm-none-eabi/14.2.1/thumb/v6-m/nofp/libgcc.a
LOAD /home/lucas/.pico-sdk/toolchain/14_2_Rel1/bin/../lib/gcc/arm-none-eabi/14.2.1/../../../../arm-none-eabi/lib/thumb/v6-m/nofp/libc.a
LOAD /home/lucas/.pico-sdk/toolchain/14_2_Rel1/bin/../lib/gcc/arm-none-eabi/14.2.1/../../../../arm-none-eabi/lib/thumb/v6-m/nofp/libnosys.a
END GROUP
LOAD /home/lucas/.pico-sdk/toolchain/14_2_Rel1/bin/../lib/gcc/arm-none-eabi/14.2.1/thumb/v6-m/nofp/crtend.o
LOAD /home/lucas/.pico-sdk/toolchain/14_2_Rel1/bin/../lib/gcc/arm-none-eabi/14.2.1/thumb/v6-m/nofp/crtn.o
OUTPUT(pico-devices/examples/bme280/minimum/minimum.elf elf32-littlearm)
LOAD linker stubs

.ARM.attributes
                0x00000000       0x28
 .ARM.attributes
                0x00000000       0x1e /home/lucas/.pico-sdk/toolchain/14_2_Rel1/bin/../lib/gcc/arm-none-eabi/14.2.1/thumb/v6-m/nofp/crti.o
 .ARM.attributes
                0x0000001e       0x2c /home/lucas/.pico-sdk/toolchain/14_2_Rel1/bin/../lib/gcc/arm-none-eabi/14.2.1/thumb/v6-m/nofp/crtbegin.o
 .ARM.attributes
                0x0000004a       0x2c pico-devices/examples/bme280/minimum/CMakeFiles/minimum.dir/main.c.o
 .ARM.attributes
                0x00000076       0x2c pico-devices/examples/bme280/minimum/CMakeFiles/minimum.dir/home/lucas/.pico-sdk/sdk/2.2.0/src/rp2_common/hardware_gpio/gpio.c.o
 .ARM.attributes
                0x000000a2       0x2c pico-devices/examples/bme280/minimum/CMakeFiles/minimum.dir/home/lucas/.pico-sdk/sdk/2.2.0/src/rp2_common/pico_platform_panic/panic.c.o
 .ARM.attributes
                0x000000ce       0x2c pico-devices/examples/bme280/minimum/CMakeFiles/minimum.dir/home/lucas/.pico-sdk/sdk/2.2.0/src/common/hardware_claim/claim.c.o
 .ARM.attributes
                0x000000fa       0x2c pico-devices/examples/bme280/minimum/CMakeFiles/minimum.dir/home/lucas/.pico-sdk/sdk/2.2.0/src/rp2_common/hardware_sync/sync.c.o
 .ARM.attributes
                0x00000126       0x2c pico-devices/examples/bme280/minimum/CMakeFiles/minimum.dir/home/lucas/.pico-sdk/sdk/2.2.0/src/rp2_common/hardware_sync_spin_lock/sync_spin_lock.c.o
 .ARM.attributes
                0x00000152       0x2c pico-devices/examples/bme280/minimum/CMakeFiles/minimum.dir/home/lucas/.pico-sdk/sdk/2.2.0/src/rp2_common/hardware_irq/irq.c.o
 .ARM.attributes
                0x0000017e       0x22 pico-devices/examples/bme280/minimum/CMakeFiles/minimum.dir/home/lucas/.pico-sdk/sdk/2.2.0/src/rp2_common/hardware_irq/irq_handler_chain.S.o
 .ARM.attributes
                0x000001a0       0x2c pico-devices/examples/bme280/minimum/CMakeFiles/minimum.dir/home/lucas/.pico-sdk/sdk/2.2.0/src/common/pico_sync/lock_core.c.o
 .ARM.attributes
                0x000001cc       0x2c pico-devices/examples/bme280/minimum/CMakeFiles/minimum.dir/home/lucas/.pico-sdk/sdk/2.2.0/src/common/pico_sync/mutex.c.o
 .ARM.attributes
                0x000001f8       0x2c pico-devices/examples/bme280/minimum/CMakeFiles/minimum.dir/home/lucas/.pico-sdk/sdk/2.2.0/src/common/pico_time/time.c.o
 .ARM.attributes
                0x00000224       0x2c pico-devices/examples/bme280/minimum/CMakeFiles/minimum.dir/home/lucas/.pico-sdk/sdk/2.2.0/src/rp2_common/hardware_timer/timer.c.o
 .ARM.attributes
                0x00000250       0x2c pico-devices/examples/bme280/minimum/CMakeFiles/minimum.dir/home/lucas/.pico-sdk/sdk/2.2.0/src/rp2_common/hardware_uart/uart.c.o
 .ARM.attributes
                0x0000027c       0x2c pico-devices/examples/bme280/minimum/CMakeFiles/minimum.dir/home/lucas/.pico-sdk/sdk/2.2.0/src/rp2_common/hardware_clocks/clocks.c.o
 .ARM.attributes